
*** Running vivado
    with args -log divider_8_top.vds -m64 -product Vivado -mode batch -messageDb vivado.pb -notrace -source divider_8_top.tcl



****** Vivado v2025.1 (64-bit)
  **** SW Build 6140274 on Thu May 22 00:12:29 MDT 2025
  **** IP Build 6138677 on Thu May 22 03:10:11 MDT 2025
  **** SharedData Build 6139179 on Tue May 20 17:58:58 MDT 2025
  **** Start of session at: Wed Oct 22 18:28:31 2025
    ** Copyright 1986-2022 Xilinx, Inc. All Rights Reserved.
    ** Copyright 2022-2025 Advanced Micro Devices, Inc. All Rights Reserved.

source divider_8_top.tcl -notrace
Command: synth_design -top divider_8_top -part xc7a100tcsg324-1
Starting synth_design
Attempting to get a license for feature 'Synthesis' and/or device 'xc7a100t'
INFO: [Common 17-349] Got license for feature 'Synthesis' and/or device 'xc7a100t'
INFO: [Device 21-403] Loading part xc7a100tcsg324-1
INFO: [Synth 8-7079] Multithreading enabled for synth_design using a maximum of 2 processes.
INFO: [Synth 8-7078] Launching helper process for spawning children vivado processes
INFO: [Synth 8-7075] Helper process launched with PID 7288
---------------------------------------------------------------------------------
Starting RTL Elaboration : Time (s): cpu = 00:00:04 ; elapsed = 00:00:04 . Memory (MB): peak = 1188.969 ; gain = 492.797
---------------------------------------------------------------------------------
WARNING: [Synth 8-10294] parameter declaration is not allowed here in this mode of Verilog [E:/Vivado/Projects/Divider_Pico_N4_8bit_A7_supplement/Divider_Pico_N4_8bit/sources/kcpsm6.v:1483]
WARNING: [Synth 8-10294] parameter declaration is not allowed here in this mode of Verilog [E:/Vivado/Projects/Divider_Pico_N4_8bit_A7_supplement/Divider_Pico_N4_8bit/sources/kcpsm6.v:1484]
WARNING: [Synth 8-10294] parameter declaration is not allowed here in this mode of Verilog [E:/Vivado/Projects/Divider_Pico_N4_8bit_A7_supplement/Divider_Pico_N4_8bit/sources/kcpsm6.v:1485]
WARNING: [Synth 8-10294] parameter declaration is not allowed here in this mode of Verilog [E:/Vivado/Projects/Divider_Pico_N4_8bit_A7_supplement/Divider_Pico_N4_8bit/sources/kcpsm6.v:1796]
WARNING: [Synth 8-10294] parameter declaration is not allowed here in this mode of Verilog [E:/Vivado/Projects/Divider_Pico_N4_8bit_A7_supplement/Divider_Pico_N4_8bit/sources/kcpsm6.v:1885]
WARNING: [Synth 8-10294] parameter declaration is not allowed here in this mode of Verilog [E:/Vivado/Projects/Divider_Pico_N4_8bit_A7_supplement/Divider_Pico_N4_8bit/sources/kcpsm6.v:1886]
WARNING: [Synth 8-10294] parameter declaration is not allowed here in this mode of Verilog [E:/Vivado/Projects/Divider_Pico_N4_8bit_A7_supplement/Divider_Pico_N4_8bit/sources/kcpsm6.v:1887]
INFO: [Synth 8-11241] undeclared symbol 'jtag_we_l', assumed default net type 'wire' [E:/Vivado/Projects/Divider_Pico_N4_8bit_A7_supplement/Divider_Pico_N4_8bit/assembly/prom_divider_8.v:1441]
INFO: [Synth 8-11241] undeclared symbol 'jtag_we_h', assumed default net type 'wire' [E:/Vivado/Projects/Divider_Pico_N4_8bit_A7_supplement/Divider_Pico_N4_8bit/assembly/prom_divider_8.v:1442]
INFO: [Synth 8-6157] synthesizing module 'divider_8_top' [E:/Vivado/Projects/Divider_Pico_N4_8bit_A7_supplement/Divider_Pico_N4_8bit_A7_supplement/A7_divider_8_top.v:16]
INFO: [Synth 8-6157] synthesizing module 'kcpsm6' [E:/Vivado/Projects/Divider_Pico_N4_8bit_A7_supplement/Divider_Pico_N4_8bit/sources/kcpsm6.v:76]
	Parameter hwbuild bound to: 8'b01000001 
	Parameter interrupt_vector bound to: 12'b001111111111 
	Parameter scratch_pad_memory_size bound to: 64 - type: integer 
INFO: [Synth 8-6157] synthesizing module 'LUT6_2' [E:/Vivado/2025.1/Vivado/scripts/rt/data/unisim_comp.v:89176]
	Parameter INIT bound to: 64'b1111111100000000111100001111000011001100110011001010101010101010 
INFO: [Synth 8-6155] done synthesizing module 'LUT6_2' (0#1) [E:/Vivado/2025.1/Vivado/scripts/rt/data/unisim_comp.v:89176]
INFO: [Synth 8-6157] synthesizing module 'LUT6' [E:/Vivado/2025.1/Vivado/scripts/rt/data/unisim_comp.v:89130]
	Parameter INIT bound to: 64'b0000000010101010000000001111111100110011110011000000111100000000 
INFO: [Synth 8-6155] done synthesizing module 'LUT6' (0#1) [E:/Vivado/2025.1/Vivado/scripts/rt/data/unisim_comp.v:89130]
INFO: [Synth 8-6157] synthesizing module 'XORCY' [E:/Vivado/2025.1/Vivado/scripts/rt/data/unisim_comp.v:164593]
INFO: [Synth 8-6155] done synthesizing module 'XORCY' (0#1) [E:/Vivado/2025.1/Vivado/scripts/rt/data/unisim_comp.v:164593]
INFO: [Synth 8-6157] synthesizing module 'MUXCY' [E:/Vivado/2025.1/Vivado/scripts/rt/data/unisim_comp.v:95588]
INFO: [Synth 8-6155] done synthesizing module 'MUXCY' (0#1) [E:/Vivado/2025.1/Vivado/scripts/rt/data/unisim_comp.v:95588]
INFO: [Synth 8-6157] synthesizing module 'FD' [E:/Vivado/2025.1/Vivado/scripts/rt/data/unisim_comp.v:43990]
INFO: [Synth 8-6155] done synthesizing module 'FD' (0#1) [E:/Vivado/2025.1/Vivado/scripts/rt/data/unisim_comp.v:43990]
INFO: [Synth 8-6157] synthesizing module 'FDRE' [E:/Vivado/2025.1/Vivado/scripts/rt/data/unisim_comp.v:44231]
INFO: [Synth 8-6155] done synthesizing module 'FDRE' (0#1) [E:/Vivado/2025.1/Vivado/scripts/rt/data/unisim_comp.v:44231]
INFO: [Synth 8-6157] synthesizing module 'LUT6__parameterized0' [E:/Vivado/2025.1/Vivado/scripts/rt/data/unisim_comp.v:89130]
	Parameter INIT bound to: 64'b0000000010101010000000001111111111001100110011001111000000000000 
INFO: [Synth 8-6155] done synthesizing module 'LUT6__parameterized0' (0#1) [E:/Vivado/2025.1/Vivado/scripts/rt/data/unisim_comp.v:89130]
INFO: [Synth 8-6157] synthesizing module 'LUT6__parameterized1' [E:/Vivado/2025.1/Vivado/scripts/rt/data/unisim_comp.v:89130]
	Parameter INIT bound to: 64'b0000000010101010000000000000000011001100110011001111000000000000 
INFO: [Synth 8-6155] done synthesizing module 'LUT6__parameterized1' (0#1) [E:/Vivado/2025.1/Vivado/scripts/rt/data/unisim_comp.v:89130]
INFO: [Synth 8-6157] synthesizing module 'FDR' [E:/Vivado/2025.1/Vivado/scripts/rt/data/unisim_comp.v:44218]
INFO: [Synth 8-6155] done synthesizing module 'FDR' (0#1) [E:/Vivado/2025.1/Vivado/scripts/rt/data/unisim_comp.v:44218]
INFO: [Synth 8-6157] synthesizing module 'LUT6_2__parameterized0' [E:/Vivado/2025.1/Vivado/scripts/rt/data/unisim_comp.v:89176]
	Parameter INIT bound to: 64'b0000000000010101001010011010101010101010101010101010101010101010 
INFO: [Synth 8-6155] done synthesizing module 'LUT6_2__parameterized0' (0#1) [E:/Vivado/2025.1/Vivado/scripts/rt/data/unisim_comp.v:89176]
INFO: [Synth 8-6157] synthesizing module 'LUT6_2__parameterized1' [E:/Vivado/2025.1/Vivado/scripts/rt/data/unisim_comp.v:89176]
	Parameter INIT bound to: 64'b0000000000101010001001010010101010101010101010101010101010101010 
INFO: [Synth 8-6155] done synthesizing module 'LUT6_2__parameterized1' (0#1) [E:/Vivado/2025.1/Vivado/scripts/rt/data/unisim_comp.v:89176]
INFO: [Synth 8-6157] synthesizing module 'FDS' [E:/Vivado/2025.1/Vivado/scripts/rt/data/unisim_comp.v:44354]
INFO: [Synth 8-6155] done synthesizing module 'FDS' (0#1) [E:/Vivado/2025.1/Vivado/scripts/rt/data/unisim_comp.v:44354]
INFO: [Synth 8-6157] synthesizing module 'LUT6__parameterized2' [E:/Vivado/2025.1/Vivado/scripts/rt/data/unisim_comp.v:89130]
	Parameter INIT bound to: 64'b1011111110111100100011111000110010110011101100001000001110000000 
INFO: [Synth 8-6155] done synthesizing module 'LUT6__parameterized2' (0#1) [E:/Vivado/2025.1/Vivado/scripts/rt/data/unisim_comp.v:89130]
INFO: [Synth 8-6157] synthesizing module 'RAM64M' [E:/Vivado/2025.1/Vivado/scripts/rt/data/unisim_comp.v:147759]
	Parameter INIT_A bound to: 64'b0000000000000000000000000000000000000000000000000000000000000000 
	Parameter INIT_B bound to: 64'b0000000000000000000000000000000000000000000000000000000000000000 
	Parameter INIT_C bound to: 64'b0000000000000000000000000000000000000000000000000000000000000000 
	Parameter INIT_D bound to: 64'b0000000000000000000000000000000000000000000000000000000000000000 
INFO: [Synth 8-6155] done synthesizing module 'RAM64M' (0#1) [E:/Vivado/2025.1/Vivado/scripts/rt/data/unisim_comp.v:147759]
INFO: [Synth 8-6157] synthesizing module 'LUT6_2__parameterized2' [E:/Vivado/2025.1/Vivado/scripts/rt/data/unisim_comp.v:89176]
	Parameter INIT bound to: 64'b0110100101101001011011101000101011001100110011000000000000000000 
INFO: [Synth 8-6155] done synthesizing module 'LUT6_2__parameterized2' (0#1) [E:/Vivado/2025.1/Vivado/scripts/rt/data/unisim_comp.v:89176]
INFO: [Synth 8-6157] synthesizing module 'LUT6__parameterized3' [E:/Vivado/2025.1/Vivado/scripts/rt/data/unisim_comp.v:89130]
	Parameter INIT bound to: 64'b1111111100000000111100001111000011001100110011001010101010101010 
INFO: [Synth 8-6155] done synthesizing module 'LUT6__parameterized3' (0#1) [E:/Vivado/2025.1/Vivado/scripts/rt/data/unisim_comp.v:89130]
INFO: [Synth 8-6157] synthesizing module 'LUT6_2__parameterized3' [E:/Vivado/2025.1/Vivado/scripts/rt/data/unisim_comp.v:89176]
	Parameter INIT bound to: 64'b1111111111111111111101010101010100000000000000000000111011101110 
INFO: [Synth 8-6155] done synthesizing module 'LUT6_2__parameterized3' (0#1) [E:/Vivado/2025.1/Vivado/scripts/rt/data/unisim_comp.v:89176]
INFO: [Synth 8-6157] synthesizing module 'LUT6_2__parameterized4' [E:/Vivado/2025.1/Vivado/scripts/rt/data/unisim_comp.v:89176]
	Parameter INIT bound to: 64'b0000000010000011000000000000101100000000110001000000000001001100 
INFO: [Synth 8-6155] done synthesizing module 'LUT6_2__parameterized4' (0#1) [E:/Vivado/2025.1/Vivado/scripts/rt/data/unisim_comp.v:89176]
INFO: [Synth 8-6157] synthesizing module 'LUT6_2__parameterized5' [E:/Vivado/2025.1/Vivado/scripts/rt/data/unisim_comp.v:89176]
	Parameter INIT bound to: 64'b0000000000010000000000000000000000000000000000000000100000000000 
INFO: [Synth 8-6155] done synthesizing module 'LUT6_2__parameterized5' (0#1) [E:/Vivado/2025.1/Vivado/scripts/rt/data/unisim_comp.v:89176]
INFO: [Synth 8-6157] synthesizing module 'LUT6__parameterized4' [E:/Vivado/2025.1/Vivado/scripts/rt/data/unisim_comp.v:89130]
	Parameter INIT bound to: 64'b0000000000000000000000000000000000000000000000001100101010101010 
INFO: [Synth 8-6155] done synthesizing module 'LUT6__parameterized4' (0#1) [E:/Vivado/2025.1/Vivado/scripts/rt/data/unisim_comp.v:89130]
INFO: [Synth 8-6157] synthesizing module 'LUT6_2__parameterized6' [E:/Vivado/2025.1/Vivado/scripts/rt/data/unisim_comp.v:89176]
	Parameter INIT bound to: 64'b1100110000110011111111110000000010000000100000001000000010000000 
INFO: [Synth 8-6155] done synthesizing module 'LUT6_2__parameterized6' (0#1) [E:/Vivado/2025.1/Vivado/scripts/rt/data/unisim_comp.v:89176]
INFO: [Synth 8-6157] synthesizing module 'LUT6__parameterized5' [E:/Vivado/2025.1/Vivado/scripts/rt/data/unisim_comp.v:89130]
	Parameter INIT bound to: 64'b0101101000111100111111111111111100000000000000000000000000000000 
INFO: [Synth 8-6155] done synthesizing module 'LUT6__parameterized5' (0#1) [E:/Vivado/2025.1/Vivado/scripts/rt/data/unisim_comp.v:89130]
INFO: [Synth 8-6157] synthesizing module 'LUT6_2__parameterized7' [E:/Vivado/2025.1/Vivado/scripts/rt/data/unisim_comp.v:89176]
	Parameter INIT bound to: 64'b0111011101110111000000100111011100000000000000000000001000000000 
INFO: [Synth 8-6155] done synthesizing module 'LUT6_2__parameterized7' (0#1) [E:/Vivado/2025.1/Vivado/scripts/rt/data/unisim_comp.v:89176]
INFO: [Synth 8-6157] synthesizing module 'LUT6_2__parameterized8' [E:/Vivado/2025.1/Vivado/scripts/rt/data/unisim_comp.v:89176]
	Parameter INIT bound to: 64'b0000000000000000111100000000000000000000000000000010001111111111 
INFO: [Synth 8-6155] done synthesizing module 'LUT6_2__parameterized8' (0#1) [E:/Vivado/2025.1/Vivado/scripts/rt/data/unisim_comp.v:89176]
INFO: [Synth 8-6157] synthesizing module 'LUT6__parameterized6' [E:/Vivado/2025.1/Vivado/scripts/rt/data/unisim_comp.v:89130]
	Parameter INIT bound to: 64'b1111111111111111111111111111111100000000000001000000000000000000 
INFO: [Synth 8-6155] done synthesizing module 'LUT6__parameterized6' (0#1) [E:/Vivado/2025.1/Vivado/scripts/rt/data/unisim_comp.v:89130]
INFO: [Synth 8-6157] synthesizing module 'LUT6_2__parameterized9' [E:/Vivado/2025.1/Vivado/scripts/rt/data/unisim_comp.v:89176]
	Parameter INIT bound to: 64'b1111111111111111000100000000000000000000000000000010000000000000 
INFO: [Synth 8-6155] done synthesizing module 'LUT6_2__parameterized9' (0#1) [E:/Vivado/2025.1/Vivado/scripts/rt/data/unisim_comp.v:89176]
INFO: [Synth 8-6157] synthesizing module 'LUT6_2__parameterized10' [E:/Vivado/2025.1/Vivado/scripts/rt/data/unisim_comp.v:89176]
	Parameter INIT bound to: 64'b0000001111001010000000000000000000000100001000000000000000000000 
INFO: [Synth 8-6155] done synthesizing module 'LUT6_2__parameterized10' (0#1) [E:/Vivado/2025.1/Vivado/scripts/rt/data/unisim_comp.v:89176]
INFO: [Synth 8-6157] synthesizing module 'LUT6_2__parameterized11' [E:/Vivado/2025.1/Vivado/scripts/rt/data/unisim_comp.v:89176]
	Parameter INIT bound to: 64'b0111011100001000000000000000000000000000000000000000111100000000 
INFO: [Synth 8-6155] done synthesizing module 'LUT6_2__parameterized11' (0#1) [E:/Vivado/2025.1/Vivado/scripts/rt/data/unisim_comp.v:89176]
INFO: [Synth 8-6157] synthesizing module 'LUT6_2__parameterized12' [E:/Vivado/2025.1/Vivado/scripts/rt/data/unisim_comp.v:89176]
	Parameter INIT bound to: 64'b1101000000000000000000000000000000000010000000000000000000000000 
INFO: [Synth 8-6155] done synthesizing module 'LUT6_2__parameterized12' (0#1) [E:/Vivado/2025.1/Vivado/scripts/rt/data/unisim_comp.v:89176]
INFO: [Synth 8-6157] synthesizing module 'LUT6_2__parameterized13' [E:/Vivado/2025.1/Vivado/scripts/rt/data/unisim_comp.v:89176]
	Parameter INIT bound to: 64'b0000000000000001001111110011111100000000000100001111011111001110 
INFO: [Synth 8-6155] done synthesizing module 'LUT6_2__parameterized13' (0#1) [E:/Vivado/2025.1/Vivado/scripts/rt/data/unisim_comp.v:89176]
INFO: [Synth 8-6157] synthesizing module 'LUT6_2__parameterized14' [E:/Vivado/2025.1/Vivado/scripts/rt/data/unisim_comp.v:89176]
	Parameter INIT bound to: 64'b1100000011001100000000000000000010100000101010100000000000000000 
INFO: [Synth 8-6155] done synthesizing module 'LUT6_2__parameterized14' (0#1) [E:/Vivado/2025.1/Vivado/scripts/rt/data/unisim_comp.v:89176]
INFO: [Synth 8-6157] synthesizing module 'LUT6_2__parameterized15' [E:/Vivado/2025.1/Vivado/scripts/rt/data/unisim_comp.v:89176]
	Parameter INIT bound to: 64'b1000000000000000000000000000000000100000000000000000000000000000 
INFO: [Synth 8-6155] done synthesizing module 'LUT6_2__parameterized15' (0#1) [E:/Vivado/2025.1/Vivado/scripts/rt/data/unisim_comp.v:89176]
INFO: [Synth 8-6157] synthesizing module 'LUT6_2__parameterized16' [E:/Vivado/2025.1/Vivado/scripts/rt/data/unisim_comp.v:89176]
	Parameter INIT bound to: 64'b0100000000000000000000000000000000000001000000000000000000000000 
INFO: [Synth 8-6155] done synthesizing module 'LUT6_2__parameterized16' (0#1) [E:/Vivado/2025.1/Vivado/scripts/rt/data/unisim_comp.v:89176]
INFO: [Synth 8-6157] synthesizing module 'LUT6__parameterized7' [E:/Vivado/2025.1/Vivado/scripts/rt/data/unisim_comp.v:89130]
	Parameter INIT bound to: 64'b0000000010000000000000100000000000000000000000000000000000000000 
INFO: [Synth 8-6155] done synthesizing module 'LUT6__parameterized7' (0#1) [E:/Vivado/2025.1/Vivado/scripts/rt/data/unisim_comp.v:89130]
INFO: [Synth 8-6157] synthesizing module 'LUT6__parameterized8' [E:/Vivado/2025.1/Vivado/scripts/rt/data/unisim_comp.v:89130]
	Parameter INIT bound to: 64'b1010110010101100111111110000000011111111000000001111111100000000 
INFO: [Synth 8-6155] done synthesizing module 'LUT6__parameterized8' (0#1) [E:/Vivado/2025.1/Vivado/scripts/rt/data/unisim_comp.v:89130]
INFO: [Synth 8-6157] synthesizing module 'LUT6_2__parameterized17' [E:/Vivado/2025.1/Vivado/scripts/rt/data/unisim_comp.v:89176]
	Parameter INIT bound to: 64'b0000000000000000000000000000000010000111011110000000000000000000 
INFO: [Synth 8-6155] done synthesizing module 'LUT6_2__parameterized17' (0#1) [E:/Vivado/2025.1/Vivado/scripts/rt/data/unisim_comp.v:89176]
INFO: [Synth 8-6157] synthesizing module 'LUT6__parameterized9' [E:/Vivado/2025.1/Vivado/scripts/rt/data/unisim_comp.v:89130]
	Parameter INIT bound to: 64'b0110100110010110100101100110100110010110011010010110100110010110 
INFO: [Synth 8-6155] done synthesizing module 'LUT6__parameterized9' (0#1) [E:/Vivado/2025.1/Vivado/scripts/rt/data/unisim_comp.v:89130]
INFO: [Synth 8-6157] synthesizing module 'LUT6__parameterized10' [E:/Vivado/2025.1/Vivado/scripts/rt/data/unisim_comp.v:89130]
	Parameter INIT bound to: 64'b1111111111111111101010101100110011110000111100001111000011110000 
INFO: [Synth 8-6155] done synthesizing module 'LUT6__parameterized10' (0#1) [E:/Vivado/2025.1/Vivado/scripts/rt/data/unisim_comp.v:89130]
INFO: [Synth 8-6157] synthesizing module 'LUT6_2__parameterized18' [E:/Vivado/2025.1/Vivado/scripts/rt/data/unisim_comp.v:89176]
	Parameter INIT bound to: 64'b0011001100110011101010101100110011110000101010100000000000000000 
INFO: [Synth 8-6155] done synthesizing module 'LUT6_2__parameterized18' (0#1) [E:/Vivado/2025.1/Vivado/scripts/rt/data/unisim_comp.v:89176]
INFO: [Synth 8-6157] synthesizing module 'LUT6_2__parameterized19' [E:/Vivado/2025.1/Vivado/scripts/rt/data/unisim_comp.v:89176]
	Parameter INIT bound to: 64'b1010001010000000000000000000000000000000111100000000000011110000 
INFO: [Synth 8-6155] done synthesizing module 'LUT6_2__parameterized19' (0#1) [E:/Vivado/2025.1/Vivado/scripts/rt/data/unisim_comp.v:89176]
INFO: [Synth 8-6157] synthesizing module 'LUT6_2__parameterized20' [E:/Vivado/2025.1/Vivado/scripts/rt/data/unisim_comp.v:89176]
	Parameter INIT bound to: 64'b0000000000000000000000000000000000000000000000000000000000000001 
INFO: [Synth 8-6155] done synthesizing module 'LUT6_2__parameterized20' (0#1) [E:/Vivado/2025.1/Vivado/scripts/rt/data/unisim_comp.v:89176]
INFO: [Synth 8-6157] synthesizing module 'LUT6_2__parameterized21' [E:/Vivado/2025.1/Vivado/scripts/rt/data/unisim_comp.v:89176]
	Parameter INIT bound to: 64'b0000000000000000000000000000110100000000000000000000000000000000 
INFO: [Synth 8-6155] done synthesizing module 'LUT6_2__parameterized21' (0#1) [E:/Vivado/2025.1/Vivado/scripts/rt/data/unisim_comp.v:89176]
INFO: [Synth 8-6157] synthesizing module 'LUT6__parameterized11' [E:/Vivado/2025.1/Vivado/scripts/rt/data/unisim_comp.v:89130]
	Parameter INIT bound to: 64'b1111101111111111000000000000000000000000000000000000000000000000 
INFO: [Synth 8-6155] done synthesizing module 'LUT6__parameterized11' (0#1) [E:/Vivado/2025.1/Vivado/scripts/rt/data/unisim_comp.v:89130]
INFO: [Synth 8-6157] synthesizing module 'RAM32M' [E:/Vivado/2025.1/Vivado/scripts/rt/data/unisim_comp.v:147391]
	Parameter INIT_A bound to: 64'b0000000000000000000000000000000000000000000000000000000000000000 
	Parameter INIT_B bound to: 64'b0000000000000000000000000000000000000000000000000000000000000000 
	Parameter INIT_C bound to: 64'b0000000000000000000000000000000000000000000000000000000000000000 
	Parameter INIT_D bound to: 64'b0000000000000000000000000000000000000000000000000000000000000000 
INFO: [Synth 8-6155] done synthesizing module 'RAM32M' (0#1) [E:/Vivado/2025.1/Vivado/scripts/rt/data/unisim_comp.v:147391]
INFO: [Synth 8-6155] done synthesizing module 'kcpsm6' (0#1) [E:/Vivado/Projects/Divider_Pico_N4_8bit_A7_supplement/Divider_Pico_N4_8bit/sources/kcpsm6.v:76]
INFO: [Synth 8-6157] synthesizing module 'prom_divider_8' [E:/Vivado/Projects/Divider_Pico_N4_8bit_A7_supplement/Divider_Pico_N4_8bit/assembly/prom_divider_8.v:104]
	Parameter C_JTAG_LOADER_ENABLE bound to: 1 - type: integer 
	Parameter C_FAMILY bound to: 7S - type: string 
	Parameter C_RAM_SIZE_KWORDS bound to: 1 - type: integer 
INFO: [Synth 8-6157] synthesizing module 'RAMB18E1' [E:/Vivado/2025.1/Vivado/scripts/rt/data/unisim_comp.v:152178]
	Parameter DOA_REG bound to: 0 - type: integer 
	Parameter DOB_REG bound to: 0 - type: integer 
	Parameter INITP_00 bound to: 256'b0000000000000000000000000000000000000000000000000000000000000000000000000000000000000000000000000000000000000000000000000000000000000000000000000000000000000000000000000000000000000000000000000000000000000010110000101010100101110110101010110000101000000010 
	Parameter INITP_01 bound to: 256'b0000000000000000000000000000000000000000000000000000000000000000000000000000000000000000000000000000000000000000000000000000000000000000000000000000000000000000000000000000000000000000000000000000000000000000000000000000000000000000000000000000000000000000 
	Parameter INITP_02 bound to: 256'b0000000000000000000000000000000000000000000000000000000000000000000000000000000000000000000000000000000000000000000000000000000000000000000000000000000000000000000000000000000000000000000000000000000000000000000000000000000000000000000000000000000000000000 
	Parameter INITP_03 bound to: 256'b0000000000000000000000000000000000000000000000000000000000000000000000000000000000000000000000000000000000000000000000000000000000000000000000000000000000000000000000000000000000000000000000000000000000000000000000000000000000000000000000000000000000000000 
	Parameter INITP_04 bound to: 256'b0000000000000000000000000000000000000000000000000000000000000000000000000000000000000000000000000000000000000000000000000000000000000000000000000000000000000000000000000000000000000000000000000000000000000000000000000000000000000000000000000000000000000000 
	Parameter INITP_05 bound to: 256'b0000000000000000000000000000000000000000000000000000000000000000000000000000000000000000000000000000000000000000000000000000000000000000000000000000000000000000000000000000000000000000000000000000000000000000000000000000000000000000000000000000000000000000 
	Parameter INITP_06 bound to: 256'b0000000000000000000000000000000000000000000000000000000000000000000000000000000000000000000000000000000000000000000000000000000000000000000000000000000000000000000000000000000000000000000000000000000000000000000000000000000000000000000000000000000000000000 
	Parameter INITP_07 bound to: 256'b0000000000000000000000000000000000000000000000000000000000000000000000000000000000000000000000000000000000000000000000000000000000000000000000000000000000000000000000000000000000000000000000000000000000000000000000000000000000000000000000000000000000000000 
	Parameter INIT_00 bound to: 256'b1000000000010000101000000001001011000000000100001101000000000000110100100000000110110000010000100010000000001010001000000000000000110100000000101001010000000010110100000000000011010010000000010001001000000000100100010000000110010000000000001011000000100010 
	Parameter INIT_01 bound to: 256'b0000000000000000000000000000000000000000000000000000000000000000000000000000000000000000000000000000000000000000001000000000000000100000000100100011010000000001100101000000001011010000000000001101001000000001101100001001001000100000000010100001001000000001 
	Parameter INIT_02 bound to: 256'b0000000000000000000000000000000000000000000000000000000000000000000000000000000000000000000000000000000000000000000000000000000000000000000000000000000000000000000000000000000000000000000000000000000000000000000000000000000000000000000000000000000000000000 
	Parameter INIT_03 bound to: 256'b0000000000000000000000000000000000000000000000000000000000000000000000000000000000000000000000000000000000000000000000000000000000000000000000000000000000000000000000000000000000000000000000000000000000000000000000000000000000000000000000000000000000000000 
	Parameter INIT_04 bound to: 256'b0000000000000000000000000000000000000000000000000000000000000000000000000000000000000000000000000000000000000000000000000000000000000000000000000000000000000000000000000000000000000000000000000000000000000000000000000000000000000000000000000000000000000000 
	Parameter INIT_05 bound to: 256'b0000000000000000000000000000000000000000000000000000000000000000000000000000000000000000000000000000000000000000000000000000000000000000000000000000000000000000000000000000000000000000000000000000000000000000000000000000000000000000000000000000000000000000 
	Parameter INIT_06 bound to: 256'b0000000000000000000000000000000000000000000000000000000000000000000000000000000000000000000000000000000000000000000000000000000000000000000000000000000000000000000000000000000000000000000000000000000000000000000000000000000000000000000000000000000000000000 
	Parameter INIT_07 bound to: 256'b0000000000000000000000000000000000000000000000000000000000000000000000000000000000000000000000000000000000000000000000000000000000000000000000000000000000000000000000000000000000000000000000000000000000000000000000000000000000000000000000000000000000000000 
	Parameter INIT_08 bound to: 256'b0000000000000000000000000000000000000000000000000000000000000000000000000000000000000000000000000000000000000000000000000000000000000000000000000000000000000000000000000000000000000000000000000000000000000000000000000000000000000000000000000000000000000000 
	Parameter INIT_09 bound to: 256'b0000000000000000000000000000000000000000000000000000000000000000000000000000000000000000000000000000000000000000000000000000000000000000000000000000000000000000000000000000000000000000000000000000000000000000000000000000000000000000000000000000000000000000 
	Parameter INIT_0A bound to: 256'b0000000000000000000000000000000000000000000000000000000000000000000000000000000000000000000000000000000000000000000000000000000000000000000000000000000000000000000000000000000000000000000000000000000000000000000000000000000000000000000000000000000000000000 
	Parameter INIT_0B bound to: 256'b0000000000000000000000000000000000000000000000000000000000000000000000000000000000000000000000000000000000000000000000000000000000000000000000000000000000000000000000000000000000000000000000000000000000000000000000000000000000000000000000000000000000000000 
	Parameter INIT_0C bound to: 256'b0000000000000000000000000000000000000000000000000000000000000000000000000000000000000000000000000000000000000000000000000000000000000000000000000000000000000000000000000000000000000000000000000000000000000000000000000000000000000000000000000000000000000000 
	Parameter INIT_0D bound to: 256'b0000000000000000000000000000000000000000000000000000000000000000000000000000000000000000000000000000000000000000000000000000000000000000000000000000000000000000000000000000000000000000000000000000000000000000000000000000000000000000000000000000000000000000 
	Parameter INIT_0E bound to: 256'b0000000000000000000000000000000000000000000000000000000000000000000000000000000000000000000000000000000000000000000000000000000000000000000000000000000000000000000000000000000000000000000000000000000000000000000000000000000000000000000000000000000000000000 
	Parameter INIT_0F bound to: 256'b0000000000000000000000000000000000000000000000000000000000000000000000000000000000000000000000000000000000000000000000000000000000000000000000000000000000000000000000000000000000000000000000000000000000000000000000000000000000000000000000000000000000000000 
	Parameter INIT_10 bound to: 256'b0000000000000000000000000000000000000000000000000000000000000000000000000000000000000000000000000000000000000000000000000000000000000000000000000000000000000000000000000000000000000000000000000000000000000000000000000000000000000000000000000000000000000000 
	Parameter INIT_11 bound to: 256'b0000000000000000000000000000000000000000000000000000000000000000000000000000000000000000000000000000000000000000000000000000000000000000000000000000000000000000000000000000000000000000000000000000000000000000000000000000000000000000000000000000000000000000 
	Parameter INIT_12 bound to: 256'b0000000000000000000000000000000000000000000000000000000000000000000000000000000000000000000000000000000000000000000000000000000000000000000000000000000000000000000000000000000000000000000000000000000000000000000000000000000000000000000000000000000000000000 
	Parameter INIT_13 bound to: 256'b0000000000000000000000000000000000000000000000000000000000000000000000000000000000000000000000000000000000000000000000000000000000000000000000000000000000000000000000000000000000000000000000000000000000000000000000000000000000000000000000000000000000000000 
	Parameter INIT_14 bound to: 256'b0000000000000000000000000000000000000000000000000000000000000000000000000000000000000000000000000000000000000000000000000000000000000000000000000000000000000000000000000000000000000000000000000000000000000000000000000000000000000000000000000000000000000000 
	Parameter INIT_15 bound to: 256'b0000000000000000000000000000000000000000000000000000000000000000000000000000000000000000000000000000000000000000000000000000000000000000000000000000000000000000000000000000000000000000000000000000000000000000000000000000000000000000000000000000000000000000 
	Parameter INIT_16 bound to: 256'b0000000000000000000000000000000000000000000000000000000000000000000000000000000000000000000000000000000000000000000000000000000000000000000000000000000000000000000000000000000000000000000000000000000000000000000000000000000000000000000000000000000000000000 
	Parameter INIT_17 bound to: 256'b0000000000000000000000000000000000000000000000000000000000000000000000000000000000000000000000000000000000000000000000000000000000000000000000000000000000000000000000000000000000000000000000000000000000000000000000000000000000000000000000000000000000000000 
	Parameter INIT_18 bound to: 256'b0000000000000000000000000000000000000000000000000000000000000000000000000000000000000000000000000000000000000000000000000000000000000000000000000000000000000000000000000000000000000000000000000000000000000000000000000000000000000000000000000000000000000000 
	Parameter INIT_19 bound to: 256'b0000000000000000000000000000000000000000000000000000000000000000000000000000000000000000000000000000000000000000000000000000000000000000000000000000000000000000000000000000000000000000000000000000000000000000000000000000000000000000000000000000000000000000 
	Parameter INIT_1A bound to: 256'b0000000000000000000000000000000000000000000000000000000000000000000000000000000000000000000000000000000000000000000000000000000000000000000000000000000000000000000000000000000000000000000000000000000000000000000000000000000000000000000000000000000000000000 
	Parameter INIT_1B bound to: 256'b0000000000000000000000000000000000000000000000000000000000000000000000000000000000000000000000000000000000000000000000000000000000000000000000000000000000000000000000000000000000000000000000000000000000000000000000000000000000000000000000000000000000000000 
	Parameter INIT_1C bound to: 256'b0000000000000000000000000000000000000000000000000000000000000000000000000000000000000000000000000000000000000000000000000000000000000000000000000000000000000000000000000000000000000000000000000000000000000000000000000000000000000000000000000000000000000000 
	Parameter INIT_1D bound to: 256'b0000000000000000000000000000000000000000000000000000000000000000000000000000000000000000000000000000000000000000000000000000000000000000000000000000000000000000000000000000000000000000000000000000000000000000000000000000000000000000000000000000000000000000 
	Parameter INIT_1E bound to: 256'b0000000000000000000000000000000000000000000000000000000000000000000000000000000000000000000000000000000000000000000000000000000000000000000000000000000000000000000000000000000000000000000000000000000000000000000000000000000000000000000000000000000000000000 
	Parameter INIT_1F bound to: 256'b0000000000000000000000000000000000000000000000000000000000000000000000000000000000000000000000000000000000000000000000000000000000000000000000000000000000000000000000000000000000000000000000000000000000000000000000000000000000000000000000000000000000000000 
	Parameter INIT_20 bound to: 256'b0000000000000000000000000000000000000000000000000000000000000000000000000000000000000000000000000000000000000000000000000000000000000000000000000000000000000000000000000000000000000000000000000000000000000000000000000000000000000000000000000000000000000000 
	Parameter INIT_21 bound to: 256'b0000000000000000000000000000000000000000000000000000000000000000000000000000000000000000000000000000000000000000000000000000000000000000000000000000000000000000000000000000000000000000000000000000000000000000000000000000000000000000000000000000000000000000 
	Parameter INIT_22 bound to: 256'b0000000000000000000000000000000000000000000000000000000000000000000000000000000000000000000000000000000000000000000000000000000000000000000000000000000000000000000000000000000000000000000000000000000000000000000000000000000000000000000000000000000000000000 
	Parameter INIT_23 bound to: 256'b0000000000000000000000000000000000000000000000000000000000000000000000000000000000000000000000000000000000000000000000000000000000000000000000000000000000000000000000000000000000000000000000000000000000000000000000000000000000000000000000000000000000000000 
	Parameter INIT_24 bound to: 256'b0000000000000000000000000000000000000000000000000000000000000000000000000000000000000000000000000000000000000000000000000000000000000000000000000000000000000000000000000000000000000000000000000000000000000000000000000000000000000000000000000000000000000000 
	Parameter INIT_25 bound to: 256'b0000000000000000000000000000000000000000000000000000000000000000000000000000000000000000000000000000000000000000000000000000000000000000000000000000000000000000000000000000000000000000000000000000000000000000000000000000000000000000000000000000000000000000 
	Parameter INIT_26 bound to: 256'b0000000000000000000000000000000000000000000000000000000000000000000000000000000000000000000000000000000000000000000000000000000000000000000000000000000000000000000000000000000000000000000000000000000000000000000000000000000000000000000000000000000000000000 
	Parameter INIT_27 bound to: 256'b0000000000000000000000000000000000000000000000000000000000000000000000000000000000000000000000000000000000000000000000000000000000000000000000000000000000000000000000000000000000000000000000000000000000000000000000000000000000000000000000000000000000000000 
	Parameter INIT_28 bound to: 256'b0000000000000000000000000000000000000000000000000000000000000000000000000000000000000000000000000000000000000000000000000000000000000000000000000000000000000000000000000000000000000000000000000000000000000000000000000000000000000000000000000000000000000000 
	Parameter INIT_29 bound to: 256'b0000000000000000000000000000000000000000000000000000000000000000000000000000000000000000000000000000000000000000000000000000000000000000000000000000000000000000000000000000000000000000000000000000000000000000000000000000000000000000000000000000000000000000 
	Parameter INIT_2A bound to: 256'b0000000000000000000000000000000000000000000000000000000000000000000000000000000000000000000000000000000000000000000000000000000000000000000000000000000000000000000000000000000000000000000000000000000000000000000000000000000000000000000000000000000000000000 
	Parameter INIT_2B bound to: 256'b0000000000000000000000000000000000000000000000000000000000000000000000000000000000000000000000000000000000000000000000000000000000000000000000000000000000000000000000000000000000000000000000000000000000000000000000000000000000000000000000000000000000000000 
	Parameter INIT_2C bound to: 256'b0000000000000000000000000000000000000000000000000000000000000000000000000000000000000000000000000000000000000000000000000000000000000000000000000000000000000000000000000000000000000000000000000000000000000000000000000000000000000000000000000000000000000000 
	Parameter INIT_2D bound to: 256'b0000000000000000000000000000000000000000000000000000000000000000000000000000000000000000000000000000000000000000000000000000000000000000000000000000000000000000000000000000000000000000000000000000000000000000000000000000000000000000000000000000000000000000 
	Parameter INIT_2E bound to: 256'b0000000000000000000000000000000000000000000000000000000000000000000000000000000000000000000000000000000000000000000000000000000000000000000000000000000000000000000000000000000000000000000000000000000000000000000000000000000000000000000000000000000000000000 
	Parameter INIT_2F bound to: 256'b0000000000000000000000000000000000000000000000000000000000000000000000000000000000000000000000000000000000000000000000000000000000000000000000000000000000000000000000000000000000000000000000000000000000000000000000000000000000000000000000000000000000000000 
	Parameter INIT_30 bound to: 256'b0000000000000000000000000000000000000000000000000000000000000000000000000000000000000000000000000000000000000000000000000000000000000000000000000000000000000000000000000000000000000000000000000000000000000000000000000000000000000000000000000000000000000000 
	Parameter INIT_31 bound to: 256'b0000000000000000000000000000000000000000000000000000000000000000000000000000000000000000000000000000000000000000000000000000000000000000000000000000000000000000000000000000000000000000000000000000000000000000000000000000000000000000000000000000000000000000 
	Parameter INIT_32 bound to: 256'b0000000000000000000000000000000000000000000000000000000000000000000000000000000000000000000000000000000000000000000000000000000000000000000000000000000000000000000000000000000000000000000000000000000000000000000000000000000000000000000000000000000000000000 
	Parameter INIT_33 bound to: 256'b0000000000000000000000000000000000000000000000000000000000000000000000000000000000000000000000000000000000000000000000000000000000000000000000000000000000000000000000000000000000000000000000000000000000000000000000000000000000000000000000000000000000000000 
	Parameter INIT_34 bound to: 256'b0000000000000000000000000000000000000000000000000000000000000000000000000000000000000000000000000000000000000000000000000000000000000000000000000000000000000000000000000000000000000000000000000000000000000000000000000000000000000000000000000000000000000000 
	Parameter INIT_35 bound to: 256'b0000000000000000000000000000000000000000000000000000000000000000000000000000000000000000000000000000000000000000000000000000000000000000000000000000000000000000000000000000000000000000000000000000000000000000000000000000000000000000000000000000000000000000 
	Parameter INIT_36 bound to: 256'b0000000000000000000000000000000000000000000000000000000000000000000000000000000000000000000000000000000000000000000000000000000000000000000000000000000000000000000000000000000000000000000000000000000000000000000000000000000000000000000000000000000000000000 
	Parameter INIT_37 bound to: 256'b0000000000000000000000000000000000000000000000000000000000000000000000000000000000000000000000000000000000000000000000000000000000000000000000000000000000000000000000000000000000000000000000000000000000000000000000000000000000000000000000000000000000000000 
	Parameter INIT_38 bound to: 256'b0000000000000000000000000000000000000000000000000000000000000000000000000000000000000000000000000000000000000000000000000000000000000000000000000000000000000000000000000000000000000000000000000000000000000000000000000000000000000000000000000000000000000000 
	Parameter INIT_39 bound to: 256'b0000000000000000000000000000000000000000000000000000000000000000000000000000000000000000000000000000000000000000000000000000000000000000000000000000000000000000000000000000000000000000000000000000000000000000000000000000000000000000000000000000000000000000 
	Parameter INIT_3A bound to: 256'b0000000000000000000000000000000000000000000000000000000000000000000000000000000000000000000000000000000000000000000000000000000000000000000000000000000000000000000000000000000000000000000000000000000000000000000000000000000000000000000000000000000000000000 
	Parameter INIT_3B bound to: 256'b0000000000000000000000000000000000000000000000000000000000000000000000000000000000000000000000000000000000000000000000000000000000000000000000000000000000000000000000000000000000000000000000000000000000000000000000000000000000000000000000000000000000000000 
	Parameter INIT_3C bound to: 256'b0000000000000000000000000000000000000000000000000000000000000000000000000000000000000000000000000000000000000000000000000000000000000000000000000000000000000000000000000000000000000000000000000000000000000000000000000000000000000000000000000000000000000000 
	Parameter INIT_3D bound to: 256'b0000000000000000000000000000000000000000000000000000000000000000000000000000000000000000000000000000000000000000000000000000000000000000000000000000000000000000000000000000000000000000000000000000000000000000000000000000000000000000000000000000000000000000 
	Parameter INIT_3E bound to: 256'b0000000000000000000000000000000000000000000000000000000000000000000000000000000000000000000000000000000000000000000000000000000000000000000000000000000000000000000000000000000000000000000000000000000000000000000000000000000000000000000000000000000000000000 
	Parameter INIT_3F bound to: 256'b0000000000000000000000000000000000000000000000000000000000000000000000000000000000000000000000000000000000000000000000000000000000000000000000000000000000000000000000000000000000000000000000000000000000000000000000000000000000000000000000000000000000000000 
	Parameter INIT_A bound to: 18'b000000000000000000 
	Parameter INIT_B bound to: 18'b000000000000000000 
	Parameter INIT_FILE bound to: NONE - type: string 
	Parameter RAM_MODE bound to: TDP - type: string 
	Parameter RDADDR_COLLISION_HWCONFIG bound to: DELAYED_WRITE - type: string 
	Parameter READ_WIDTH_A bound to: 18 - type: integer 
	Parameter READ_WIDTH_B bound to: 18 - type: integer 
	Parameter RSTREG_PRIORITY_A bound to: REGCE - type: string 
	Parameter RSTREG_PRIORITY_B bound to: REGCE - type: string 
	Parameter SIM_COLLISION_CHECK bound to: ALL - type: string 
	Parameter SIM_DEVICE bound to: 7SERIES - type: string 
	Parameter SRVAL_A bound to: 18'b000000000000000000 
	Parameter SRVAL_B bound to: 18'b000000000000000000 
	Parameter WRITE_MODE_A bound to: WRITE_FIRST - type: string 
	Parameter WRITE_MODE_B bound to: WRITE_FIRST - type: string 
	Parameter WRITE_WIDTH_A bound to: 18 - type: integer 
	Parameter WRITE_WIDTH_B bound to: 18 - type: integer 
INFO: [Synth 8-6155] done synthesizing module 'RAMB18E1' (0#1) [E:/Vivado/2025.1/Vivado/scripts/rt/data/unisim_comp.v:152178]
INFO: [Synth 8-6157] synthesizing module 'jtag_loader_6' [E:/Vivado/Projects/Divider_Pico_N4_8bit_A7_supplement/Divider_Pico_N4_8bit/assembly/prom_divider_8.v:2897]
	Parameter C_JTAG_LOADER_ENABLE bound to: 1 - type: integer 
	Parameter C_FAMILY bound to: 7S - type: string 
	Parameter C_NUM_PICOBLAZE bound to: 1 - type: integer 
	Parameter C_BRAM_MAX_ADDR_WIDTH bound to: 10 - type: integer 
	Parameter C_ADDR_WIDTH_0 bound to: 10 - type: integer 
INFO: [Synth 8-6157] synthesizing module 'BSCANE2' [E:/Vivado/2025.1/Vivado/scripts/rt/data/unisim_comp.v:2479]
	Parameter DISABLE_JTAG bound to: FALSE - type: string 
	Parameter JTAG_CHAIN bound to: 2 - type: integer 
INFO: [Synth 8-6155] done synthesizing module 'BSCANE2' (0#1) [E:/Vivado/2025.1/Vivado/scripts/rt/data/unisim_comp.v:2479]
INFO: [Synth 8-6157] synthesizing module 'BUFG' [E:/Vivado/2025.1/Vivado/scripts/rt/data/unisim_comp.v:2678]
INFO: [Synth 8-6155] done synthesizing module 'BUFG' (0#1) [E:/Vivado/2025.1/Vivado/scripts/rt/data/unisim_comp.v:2678]
INFO: [Synth 8-6155] done synthesizing module 'jtag_loader_6' (0#1) [E:/Vivado/Projects/Divider_Pico_N4_8bit_A7_supplement/Divider_Pico_N4_8bit/assembly/prom_divider_8.v:2897]
INFO: [Synth 8-6155] done synthesizing module 'prom_divider_8' (0#1) [E:/Vivado/Projects/Divider_Pico_N4_8bit_A7_supplement/Divider_Pico_N4_8bit/assembly/prom_divider_8.v:104]
INFO: [Synth 8-226] default block is never used [E:/Vivado/Projects/Divider_Pico_N4_8bit_A7_supplement/Divider_Pico_N4_8bit_A7_supplement/A7_divider_8_top.v:345]
INFO: [Synth 8-6155] done synthesizing module 'divider_8_top' (0#1) [E:/Vivado/Projects/Divider_Pico_N4_8bit_A7_supplement/Divider_Pico_N4_8bit_A7_supplement/A7_divider_8_top.v:16]
WARNING: [Synth 8-3848] Net interrupt in module/entity divider_8_top does not have driver. [E:/Vivado/Projects/Divider_Pico_N4_8bit_A7_supplement/Divider_Pico_N4_8bit_A7_supplement/A7_divider_8_top.v:88]
WARNING: [Synth 8-3917] design divider_8_top has port QuadSpiFlashCS driven by constant 1
WARNING: [Synth 8-7129] Port jtag_dout_1[17] in module jtag_loader_6 is either unconnected or has no load
WARNING: [Synth 8-7129] Port jtag_dout_1[16] in module jtag_loader_6 is either unconnected or has no load
WARNING: [Synth 8-7129] Port jtag_dout_1[15] in module jtag_loader_6 is either unconnected or has no load
WARNING: [Synth 8-7129] Port jtag_dout_1[14] in module jtag_loader_6 is either unconnected or has no load
WARNING: [Synth 8-7129] Port jtag_dout_1[13] in module jtag_loader_6 is either unconnected or has no load
WARNING: [Synth 8-7129] Port jtag_dout_1[12] in module jtag_loader_6 is either unconnected or has no load
WARNING: [Synth 8-7129] Port jtag_dout_1[11] in module jtag_loader_6 is either unconnected or has no load
WARNING: [Synth 8-7129] Port jtag_dout_1[10] in module jtag_loader_6 is either unconnected or has no load
WARNING: [Synth 8-7129] Port jtag_dout_1[9] in module jtag_loader_6 is either unconnected or has no load
WARNING: [Synth 8-7129] Port jtag_dout_1[8] in module jtag_loader_6 is either unconnected or has no load
WARNING: [Synth 8-7129] Port jtag_dout_1[7] in module jtag_loader_6 is either unconnected or has no load
WARNING: [Synth 8-7129] Port jtag_dout_1[6] in module jtag_loader_6 is either unconnected or has no load
WARNING: [Synth 8-7129] Port jtag_dout_1[5] in module jtag_loader_6 is either unconnected or has no load
WARNING: [Synth 8-7129] Port jtag_dout_1[4] in module jtag_loader_6 is either unconnected or has no load
WARNING: [Synth 8-7129] Port jtag_dout_1[3] in module jtag_loader_6 is either unconnected or has no load
WARNING: [Synth 8-7129] Port jtag_dout_1[2] in module jtag_loader_6 is either unconnected or has no load
WARNING: [Synth 8-7129] Port jtag_dout_1[1] in module jtag_loader_6 is either unconnected or has no load
WARNING: [Synth 8-7129] Port jtag_dout_1[0] in module jtag_loader_6 is either unconnected or has no load
WARNING: [Synth 8-7129] Port jtag_dout_2[17] in module jtag_loader_6 is either unconnected or has no load
WARNING: [Synth 8-7129] Port jtag_dout_2[16] in module jtag_loader_6 is either unconnected or has no load
WARNING: [Synth 8-7129] Port jtag_dout_2[15] in module jtag_loader_6 is either unconnected or has no load
WARNING: [Synth 8-7129] Port jtag_dout_2[14] in module jtag_loader_6 is either unconnected or has no load
WARNING: [Synth 8-7129] Port jtag_dout_2[13] in module jtag_loader_6 is either unconnected or has no load
WARNING: [Synth 8-7129] Port jtag_dout_2[12] in module jtag_loader_6 is either unconnected or has no load
WARNING: [Synth 8-7129] Port jtag_dout_2[11] in module jtag_loader_6 is either unconnected or has no load
WARNING: [Synth 8-7129] Port jtag_dout_2[10] in module jtag_loader_6 is either unconnected or has no load
WARNING: [Synth 8-7129] Port jtag_dout_2[9] in module jtag_loader_6 is either unconnected or has no load
WARNING: [Synth 8-7129] Port jtag_dout_2[8] in module jtag_loader_6 is either unconnected or has no load
WARNING: [Synth 8-7129] Port jtag_dout_2[7] in module jtag_loader_6 is either unconnected or has no load
WARNING: [Synth 8-7129] Port jtag_dout_2[6] in module jtag_loader_6 is either unconnected or has no load
WARNING: [Synth 8-7129] Port jtag_dout_2[5] in module jtag_loader_6 is either unconnected or has no load
WARNING: [Synth 8-7129] Port jtag_dout_2[4] in module jtag_loader_6 is either unconnected or has no load
WARNING: [Synth 8-7129] Port jtag_dout_2[3] in module jtag_loader_6 is either unconnected or has no load
WARNING: [Synth 8-7129] Port jtag_dout_2[2] in module jtag_loader_6 is either unconnected or has no load
WARNING: [Synth 8-7129] Port jtag_dout_2[1] in module jtag_loader_6 is either unconnected or has no load
WARNING: [Synth 8-7129] Port jtag_dout_2[0] in module jtag_loader_6 is either unconnected or has no load
WARNING: [Synth 8-7129] Port jtag_dout_3[17] in module jtag_loader_6 is either unconnected or has no load
WARNING: [Synth 8-7129] Port jtag_dout_3[16] in module jtag_loader_6 is either unconnected or has no load
WARNING: [Synth 8-7129] Port jtag_dout_3[15] in module jtag_loader_6 is either unconnected or has no load
WARNING: [Synth 8-7129] Port jtag_dout_3[14] in module jtag_loader_6 is either unconnected or has no load
WARNING: [Synth 8-7129] Port jtag_dout_3[13] in module jtag_loader_6 is either unconnected or has no load
WARNING: [Synth 8-7129] Port jtag_dout_3[12] in module jtag_loader_6 is either unconnected or has no load
WARNING: [Synth 8-7129] Port jtag_dout_3[11] in module jtag_loader_6 is either unconnected or has no load
WARNING: [Synth 8-7129] Port jtag_dout_3[10] in module jtag_loader_6 is either unconnected or has no load
WARNING: [Synth 8-7129] Port jtag_dout_3[9] in module jtag_loader_6 is either unconnected or has no load
WARNING: [Synth 8-7129] Port jtag_dout_3[8] in module jtag_loader_6 is either unconnected or has no load
WARNING: [Synth 8-7129] Port jtag_dout_3[7] in module jtag_loader_6 is either unconnected or has no load
WARNING: [Synth 8-7129] Port jtag_dout_3[6] in module jtag_loader_6 is either unconnected or has no load
WARNING: [Synth 8-7129] Port jtag_dout_3[5] in module jtag_loader_6 is either unconnected or has no load
WARNING: [Synth 8-7129] Port jtag_dout_3[4] in module jtag_loader_6 is either unconnected or has no load
WARNING: [Synth 8-7129] Port jtag_dout_3[3] in module jtag_loader_6 is either unconnected or has no load
WARNING: [Synth 8-7129] Port jtag_dout_3[2] in module jtag_loader_6 is either unconnected or has no load
WARNING: [Synth 8-7129] Port jtag_dout_3[1] in module jtag_loader_6 is either unconnected or has no load
WARNING: [Synth 8-7129] Port jtag_dout_3[0] in module jtag_loader_6 is either unconnected or has no load
WARNING: [Synth 8-7129] Port jtag_dout_4[17] in module jtag_loader_6 is either unconnected or has no load
WARNING: [Synth 8-7129] Port jtag_dout_4[16] in module jtag_loader_6 is either unconnected or has no load
WARNING: [Synth 8-7129] Port jtag_dout_4[15] in module jtag_loader_6 is either unconnected or has no load
WARNING: [Synth 8-7129] Port jtag_dout_4[14] in module jtag_loader_6 is either unconnected or has no load
WARNING: [Synth 8-7129] Port jtag_dout_4[13] in module jtag_loader_6 is either unconnected or has no load
WARNING: [Synth 8-7129] Port jtag_dout_4[12] in module jtag_loader_6 is either unconnected or has no load
WARNING: [Synth 8-7129] Port jtag_dout_4[11] in module jtag_loader_6 is either unconnected or has no load
WARNING: [Synth 8-7129] Port jtag_dout_4[10] in module jtag_loader_6 is either unconnected or has no load
WARNING: [Synth 8-7129] Port jtag_dout_4[9] in module jtag_loader_6 is either unconnected or has no load
WARNING: [Synth 8-7129] Port jtag_dout_4[8] in module jtag_loader_6 is either unconnected or has no load
WARNING: [Synth 8-7129] Port jtag_dout_4[7] in module jtag_loader_6 is either unconnected or has no load
WARNING: [Synth 8-7129] Port jtag_dout_4[6] in module jtag_loader_6 is either unconnected or has no load
WARNING: [Synth 8-7129] Port jtag_dout_4[5] in module jtag_loader_6 is either unconnected or has no load
WARNING: [Synth 8-7129] Port jtag_dout_4[4] in module jtag_loader_6 is either unconnected or has no load
WARNING: [Synth 8-7129] Port jtag_dout_4[3] in module jtag_loader_6 is either unconnected or has no load
WARNING: [Synth 8-7129] Port jtag_dout_4[2] in module jtag_loader_6 is either unconnected or has no load
WARNING: [Synth 8-7129] Port jtag_dout_4[1] in module jtag_loader_6 is either unconnected or has no load
WARNING: [Synth 8-7129] Port jtag_dout_4[0] in module jtag_loader_6 is either unconnected or has no load
WARNING: [Synth 8-7129] Port jtag_dout_5[17] in module jtag_loader_6 is either unconnected or has no load
WARNING: [Synth 8-7129] Port jtag_dout_5[16] in module jtag_loader_6 is either unconnected or has no load
WARNING: [Synth 8-7129] Port jtag_dout_5[15] in module jtag_loader_6 is either unconnected or has no load
WARNING: [Synth 8-7129] Port jtag_dout_5[14] in module jtag_loader_6 is either unconnected or has no load
WARNING: [Synth 8-7129] Port jtag_dout_5[13] in module jtag_loader_6 is either unconnected or has no load
WARNING: [Synth 8-7129] Port jtag_dout_5[12] in module jtag_loader_6 is either unconnected or has no load
WARNING: [Synth 8-7129] Port jtag_dout_5[11] in module jtag_loader_6 is either unconnected or has no load
WARNING: [Synth 8-7129] Port jtag_dout_5[10] in module jtag_loader_6 is either unconnected or has no load
WARNING: [Synth 8-7129] Port jtag_dout_5[9] in module jtag_loader_6 is either unconnected or has no load
WARNING: [Synth 8-7129] Port jtag_dout_5[8] in module jtag_loader_6 is either unconnected or has no load
WARNING: [Synth 8-7129] Port jtag_dout_5[7] in module jtag_loader_6 is either unconnected or has no load
WARNING: [Synth 8-7129] Port jtag_dout_5[6] in module jtag_loader_6 is either unconnected or has no load
WARNING: [Synth 8-7129] Port jtag_dout_5[5] in module jtag_loader_6 is either unconnected or has no load
WARNING: [Synth 8-7129] Port jtag_dout_5[4] in module jtag_loader_6 is either unconnected or has no load
WARNING: [Synth 8-7129] Port jtag_dout_5[3] in module jtag_loader_6 is either unconnected or has no load
WARNING: [Synth 8-7129] Port jtag_dout_5[2] in module jtag_loader_6 is either unconnected or has no load
WARNING: [Synth 8-7129] Port jtag_dout_5[1] in module jtag_loader_6 is either unconnected or has no load
WARNING: [Synth 8-7129] Port jtag_dout_5[0] in module jtag_loader_6 is either unconnected or has no load
WARNING: [Synth 8-7129] Port jtag_dout_6[17] in module jtag_loader_6 is either unconnected or has no load
WARNING: [Synth 8-7129] Port jtag_dout_6[16] in module jtag_loader_6 is either unconnected or has no load
WARNING: [Synth 8-7129] Port jtag_dout_6[15] in module jtag_loader_6 is either unconnected or has no load
WARNING: [Synth 8-7129] Port jtag_dout_6[14] in module jtag_loader_6 is either unconnected or has no load
WARNING: [Synth 8-7129] Port jtag_dout_6[13] in module jtag_loader_6 is either unconnected or has no load
WARNING: [Synth 8-7129] Port jtag_dout_6[12] in module jtag_loader_6 is either unconnected or has no load
WARNING: [Synth 8-7129] Port jtag_dout_6[11] in module jtag_loader_6 is either unconnected or has no load
WARNING: [Synth 8-7129] Port jtag_dout_6[10] in module jtag_loader_6 is either unconnected or has no load
WARNING: [Synth 8-7129] Port jtag_dout_6[9] in module jtag_loader_6 is either unconnected or has no load
WARNING: [Synth 8-7129] Port jtag_dout_6[8] in module jtag_loader_6 is either unconnected or has no load
INFO: [Common 17-14] Message 'Synth 8-7129' appears 100 times and further instances of the messages will be disabled. Use the Tcl command set_msg_config to change the current settings.
---------------------------------------------------------------------------------
Finished RTL Elaboration : Time (s): cpu = 00:00:06 ; elapsed = 00:00:06 . Memory (MB): peak = 1303.078 ; gain = 606.906
---------------------------------------------------------------------------------
---------------------------------------------------------------------------------
Start Handling Custom Attributes
---------------------------------------------------------------------------------
---------------------------------------------------------------------------------
Finished Handling Custom Attributes : Time (s): cpu = 00:00:06 ; elapsed = 00:00:06 . Memory (MB): peak = 1303.078 ; gain = 606.906
---------------------------------------------------------------------------------
---------------------------------------------------------------------------------
Finished RTL Optimization Phase 1 : Time (s): cpu = 00:00:06 ; elapsed = 00:00:06 . Memory (MB): peak = 1303.078 ; gain = 606.906
---------------------------------------------------------------------------------
Netlist sorting complete. Time (s): cpu = 00:00:00 ; elapsed = 00:00:00.005 . Memory (MB): peak = 1303.078 ; gain = 0.000
INFO: [Netlist 29-17] Analyzing 181 Unisim elements for replacement
INFO: [Netlist 29-28] Unisim Transformation completed in 0 CPU seconds
INFO: [Project 1-570] Preparing netlist for logic optimization

Processing XDC Constraints
Initializing timing engine
Parsing XDC File [E:/Vivado/Projects/Divider_Pico_N4_8bit_A7_supplement/Divider_Pico_N4_8bit_A7_supplement/A7_divider_8_top.xdc]
WARNING: [Vivado 12-584] No ports matched 'RamCS'. [E:/Vivado/Projects/Divider_Pico_N4_8bit_A7_supplement/Divider_Pico_N4_8bit_A7_supplement/A7_divider_8_top.xdc:149]
CRITICAL WARNING: [Common 17-55] 'set_property' expects at least one object. [E:/Vivado/Projects/Divider_Pico_N4_8bit_A7_supplement/Divider_Pico_N4_8bit_A7_supplement/A7_divider_8_top.xdc:149]
Resolution: If [get_<value>] was used to populate the object, check to make sure this command returns at least one valid object.
WARNING: [Vivado 12-584] No ports matched 'RamCS'. [E:/Vivado/Projects/Divider_Pico_N4_8bit_A7_supplement/Divider_Pico_N4_8bit_A7_supplement/A7_divider_8_top.xdc:151]
CRITICAL WARNING: [Common 17-55] 'set_property' expects at least one object. [E:/Vivado/Projects/Divider_Pico_N4_8bit_A7_supplement/Divider_Pico_N4_8bit_A7_supplement/A7_divider_8_top.xdc:151]
Resolution: If [get_<value>] was used to populate the object, check to make sure this command returns at least one valid object.
WARNING: [Vivado 12-584] No ports matched 'MemOE'. [E:/Vivado/Projects/Divider_Pico_N4_8bit_A7_supplement/Divider_Pico_N4_8bit_A7_supplement/A7_divider_8_top.xdc:153]
CRITICAL WARNING: [Common 17-55] 'set_property' expects at least one object. [E:/Vivado/Projects/Divider_Pico_N4_8bit_A7_supplement/Divider_Pico_N4_8bit_A7_supplement/A7_divider_8_top.xdc:153]
Resolution: If [get_<value>] was used to populate the object, check to make sure this command returns at least one valid object.
WARNING: [Vivado 12-584] No ports matched 'MemOE'. [E:/Vivado/Projects/Divider_Pico_N4_8bit_A7_supplement/Divider_Pico_N4_8bit_A7_supplement/A7_divider_8_top.xdc:155]
CRITICAL WARNING: [Common 17-55] 'set_property' expects at least one object. [E:/Vivado/Projects/Divider_Pico_N4_8bit_A7_supplement/Divider_Pico_N4_8bit_A7_supplement/A7_divider_8_top.xdc:155]
Resolution: If [get_<value>] was used to populate the object, check to make sure this command returns at least one valid object.
WARNING: [Vivado 12-584] No ports matched 'MemWR'. [E:/Vivado/Projects/Divider_Pico_N4_8bit_A7_supplement/Divider_Pico_N4_8bit_A7_supplement/A7_divider_8_top.xdc:157]
CRITICAL WARNING: [Common 17-55] 'set_property' expects at least one object. [E:/Vivado/Projects/Divider_Pico_N4_8bit_A7_supplement/Divider_Pico_N4_8bit_A7_supplement/A7_divider_8_top.xdc:157]
Resolution: If [get_<value>] was used to populate the object, check to make sure this command returns at least one valid object.
WARNING: [Vivado 12-584] No ports matched 'MemWR'. [E:/Vivado/Projects/Divider_Pico_N4_8bit_A7_supplement/Divider_Pico_N4_8bit_A7_supplement/A7_divider_8_top.xdc:159]
CRITICAL WARNING: [Common 17-55] 'set_property' expects at least one object. [E:/Vivado/Projects/Divider_Pico_N4_8bit_A7_supplement/Divider_Pico_N4_8bit_A7_supplement/A7_divider_8_top.xdc:159]
Resolution: If [get_<value>] was used to populate the object, check to make sure this command returns at least one valid object.
Finished Parsing XDC File [E:/Vivado/Projects/Divider_Pico_N4_8bit_A7_supplement/Divider_Pico_N4_8bit_A7_supplement/A7_divider_8_top.xdc]
INFO: [Project 1-236] Implementation specific constraints were found while reading constraint file [E:/Vivado/Projects/Divider_Pico_N4_8bit_A7_supplement/Divider_Pico_N4_8bit_A7_supplement/A7_divider_8_top.xdc]. These constraints will be ignored for synthesis but will be used in implementation. Impacted constraints are listed in the file [.Xil/divider_8_top_propImpl.xdc].
Resolution: To avoid this warning, move constraints listed in [.Xil/divider_8_top_propImpl.xdc] to another XDC file and exclude this new file from synthesis with the used_in_synthesis property (File Properties dialog in GUI) and re-run elaboration/synthesis.
Completed Processing XDC Constraints

Netlist sorting complete. Time (s): cpu = 00:00:00 ; elapsed = 00:00:00 . Memory (MB): peak = 1362.754 ; gain = 0.000
INFO: [Project 1-111] Unisim Transformation Summary:
  A total of 124 instances were transformed.
  FD => FDRE: 48 instances
  FDR => FDRE: 18 instances
  FDS => FDSE: 2 instances
  LUT6_2 => LUT6_2 (LUT5, LUT6): 50 instances
  RAM32M => RAM32M (RAMD32(x6), RAMS32(x2)): 4 instances
  RAM64M => RAM64M (RAMD64E(x4)): 2 instances

Constraint Validation Runtime : Time (s): cpu = 00:00:00 ; elapsed = 00:00:00.004 . Memory (MB): peak = 1362.754 ; gain = 0.000
---------------------------------------------------------------------------------
Finished Constraint Validation : Time (s): cpu = 00:00:13 ; elapsed = 00:00:13 . Memory (MB): peak = 1362.754 ; gain = 666.582
---------------------------------------------------------------------------------
---------------------------------------------------------------------------------
Start Loading Part and Timing Information
---------------------------------------------------------------------------------
Loading part: xc7a100tcsg324-1
---------------------------------------------------------------------------------
Finished Loading Part and Timing Information : Time (s): cpu = 00:00:13 ; elapsed = 00:00:13 . Memory (MB): peak = 1362.754 ; gain = 666.582
---------------------------------------------------------------------------------
---------------------------------------------------------------------------------
Start Applying 'set_property' XDC Constraints
---------------------------------------------------------------------------------
---------------------------------------------------------------------------------
Finished applying 'set_property' XDC Constraints : Time (s): cpu = 00:00:13 ; elapsed = 00:00:13 . Memory (MB): peak = 1362.754 ; gain = 666.582
---------------------------------------------------------------------------------
---------------------------------------------------------------------------------
Finished RTL Optimization Phase 2 : Time (s): cpu = 00:00:13 ; elapsed = 00:00:14 . Memory (MB): peak = 1362.754 ; gain = 666.582
---------------------------------------------------------------------------------
---------------------------------------------------------------------------------
Start RTL Component Statistics 
---------------------------------------------------------------------------------
Detailed RTL Component Info : 
+---Registers : 
	                8 Bit    Registers := 3     
	                1 Bit    Registers := 36    
+---Muxes : 
	   2 Input   18 Bit        Muxes := 1     
	  11 Input    8 Bit        Muxes := 1     
	   4 Input    8 Bit        Muxes := 1     
	   2 Input    1 Bit        Muxes := 29    
---------------------------------------------------------------------------------
Finished RTL Component Statistics 
---------------------------------------------------------------------------------
---------------------------------------------------------------------------------
Start Part Resource Summary
---------------------------------------------------------------------------------
Part Resources:
DSPs: 240 (col length:80)
BRAMs: 270 (col length: RAMB18 80 RAMB36 40)
---------------------------------------------------------------------------------
Finished Part Resource Summary
---------------------------------------------------------------------------------
---------------------------------------------------------------------------------
Start Cross Boundary and Area Optimization
---------------------------------------------------------------------------------
WARNING: [Synth 8-7080] Parallel synthesis criteria is not met
WARNING: [Synth 8-3917] design divider_8_top has port QuadSpiFlashCS driven by constant 1
WARNING: [Synth 8-3332] Sequential element (processor/sync_sleep_flop) is unused and will be removed from module divider_8_top.
WARNING: [Synth 8-3332] Sequential element (processor/sync_interrupt_flop) is unused and will be removed from module divider_8_top.
WARNING: [Synth 8-3332] Sequential element (processor/interrupt_ack_flop) is unused and will be removed from module divider_8_top.
WARNING: [Synth 8-3332] Sequential element (processor/read_strobe_flop) is unused and will be removed from module divider_8_top.
---------------------------------------------------------------------------------
Finished Cross Boundary and Area Optimization : Time (s): cpu = 00:00:15 ; elapsed = 00:00:16 . Memory (MB): peak = 1366.746 ; gain = 670.574
---------------------------------------------------------------------------------
---------------------------------------------------------------------------------
Start Applying XDC Timing Constraints
---------------------------------------------------------------------------------
---------------------------------------------------------------------------------
Finished Applying XDC Timing Constraints : Time (s): cpu = 00:00:19 ; elapsed = 00:00:20 . Memory (MB): peak = 1515.480 ; gain = 819.309
---------------------------------------------------------------------------------
---------------------------------------------------------------------------------
Start Timing Optimization
---------------------------------------------------------------------------------
---------------------------------------------------------------------------------
Finished Timing Optimization : Time (s): cpu = 00:00:19 ; elapsed = 00:00:20 . Memory (MB): peak = 1516.191 ; gain = 820.020
---------------------------------------------------------------------------------
---------------------------------------------------------------------------------
Start Technology Mapping
---------------------------------------------------------------------------------
---------------------------------------------------------------------------------
Finished Technology Mapping : Time (s): cpu = 00:00:19 ; elapsed = 00:00:20 . Memory (MB): peak = 1535.293 ; gain = 839.121
---------------------------------------------------------------------------------
---------------------------------------------------------------------------------
Start IO Insertion
---------------------------------------------------------------------------------
---------------------------------------------------------------------------------
Start Flattening Before IO Insertion
---------------------------------------------------------------------------------
---------------------------------------------------------------------------------
Finished Flattening Before IO Insertion
---------------------------------------------------------------------------------
---------------------------------------------------------------------------------
Start Final Netlist Cleanup
---------------------------------------------------------------------------------
---------------------------------------------------------------------------------
Finished Final Netlist Cleanup
---------------------------------------------------------------------------------
---------------------------------------------------------------------------------
Finished IO Insertion : Time (s): cpu = 00:00:22 ; elapsed = 00:00:24 . Memory (MB): peak = 1760.039 ; gain = 1063.867
---------------------------------------------------------------------------------
---------------------------------------------------------------------------------
Start Renaming Generated Instances
---------------------------------------------------------------------------------
---------------------------------------------------------------------------------
Finished Renaming Generated Instances : Time (s): cpu = 00:00:22 ; elapsed = 00:00:24 . Memory (MB): peak = 1760.039 ; gain = 1063.867
---------------------------------------------------------------------------------
---------------------------------------------------------------------------------
Start Rebuilding User Hierarchy
---------------------------------------------------------------------------------
---------------------------------------------------------------------------------
Finished Rebuilding User Hierarchy : Time (s): cpu = 00:00:22 ; elapsed = 00:00:24 . Memory (MB): peak = 1760.039 ; gain = 1063.867
---------------------------------------------------------------------------------
---------------------------------------------------------------------------------
Start Renaming Generated Ports
---------------------------------------------------------------------------------
---------------------------------------------------------------------------------
Finished Renaming Generated Ports : Time (s): cpu = 00:00:22 ; elapsed = 00:00:24 . Memory (MB): peak = 1760.039 ; gain = 1063.867
---------------------------------------------------------------------------------
---------------------------------------------------------------------------------
Start Handling Custom Attributes
---------------------------------------------------------------------------------
---------------------------------------------------------------------------------
Finished Handling Custom Attributes : Time (s): cpu = 00:00:22 ; elapsed = 00:00:24 . Memory (MB): peak = 1760.039 ; gain = 1063.867
---------------------------------------------------------------------------------
---------------------------------------------------------------------------------
Start Renaming Generated Nets
---------------------------------------------------------------------------------
---------------------------------------------------------------------------------
Finished Renaming Generated Nets : Time (s): cpu = 00:00:22 ; elapsed = 00:00:24 . Memory (MB): peak = 1760.039 ; gain = 1063.867
---------------------------------------------------------------------------------
---------------------------------------------------------------------------------
Start Writing Synthesis Report
---------------------------------------------------------------------------------

Report BlackBoxes: 
+-+--------------+----------+
| |BlackBox name |Instances |
+-+--------------+----------+
+-+--------------+----------+

Report Cell Usage: 
+------+---------+------+
|      |Cell     |Count |
+------+---------+------+
|1     |BSCANE2  |     1|
|2     |BUFG     |     2|
|3     |CARRY4   |     5|
|4     |LUT1     |     1|
|5     |LUT2     |     3|
|6     |LUT3     |    16|
|7     |LUT4     |    18|
|8     |LUT5     |    17|
|9     |LUT6     |    92|
|11    |MUXCY    |    29|
|12    |MUXF7    |     4|
|13    |RAM32M   |     4|
|14    |RAM64M   |     2|
|15    |RAMB18E1 |     1|
|16    |XORCY    |    27|
|17    |FD       |    45|
|18    |FDCE     |    20|
|19    |FDR      |    17|
|20    |FDRE     |    70|
|21    |FDS      |     2|
|22    |IBUF     |    22|
|23    |OBUF     |    25|
+------+---------+------+
---------------------------------------------------------------------------------
Finished Writing Synthesis Report : Time (s): cpu = 00:00:22 ; elapsed = 00:00:24 . Memory (MB): peak = 1760.039 ; gain = 1063.867
---------------------------------------------------------------------------------
Synthesis finished with 0 errors, 0 critical warnings and 6 warnings.
Synthesis Optimization Runtime : Time (s): cpu = 00:00:14 ; elapsed = 00:00:21 . Memory (MB): peak = 1760.039 ; gain = 1004.191
Synthesis Optimization Complete : Time (s): cpu = 00:00:22 ; elapsed = 00:00:24 . Memory (MB): peak = 1760.039 ; gain = 1063.867
INFO: [Project 1-571] Translating synthesized netlist
Netlist sorting complete. Time (s): cpu = 00:00:00 ; elapsed = 00:00:00.004 . Memory (MB): peak = 1760.039 ; gain = 0.000
INFO: [Netlist 29-17] Analyzing 186 Unisim elements for replacement
INFO: [Netlist 29-28] Unisim Transformation completed in 0 CPU seconds
INFO: [Project 1-570] Preparing netlist for logic optimization
INFO: [Opt 31-138] Pushed 0 inverter(s) to 0 load pin(s).
Netlist sorting complete. Time (s): cpu = 00:00:00 ; elapsed = 00:00:00.001 . Memory (MB): peak = 1772.895 ; gain = 0.000
INFO: [Project 1-111] Unisim Transformation Summary:
  A total of 130 instances were transformed.
  (MUXCY,XORCY) => CARRY4: 10 instances
  FD => FDRE: 45 instances
  FDR => FDRE: 17 instances
  FDS => FDSE: 2 instances
  LUT6_2 => LUT6_2 (LUT5, LUT6): 50 instances
  RAM32M => RAM32M (RAMD32(x6), RAMS32(x2)): 4 instances
  RAM64M => RAM64M (RAMD64E(x4)): 2 instances

Synth Design complete | Checksum: 95209f0b
INFO: [Common 17-83] Releasing license: Synthesis
123 Infos, 121 Warnings, 6 Critical Warnings and 0 Errors encountered.
synth_design completed successfully
synth_design: Time (s): cpu = 00:00:25 ; elapsed = 00:00:29 . Memory (MB): peak = 1772.895 ; gain = 1279.703
INFO: [runtcl-6] Synthesis results are not added to the cache due to CRITICAL_WARNING
Write ShapeDB Complete: Time (s): cpu = 00:00:00 ; elapsed = 00:00:00.002 . Memory (MB): peak = 1772.895 ; gain = 0.000
INFO: [Common 17-1381] The checkpoint 'E:/Vivado/Projects/Divider_Pico_N4_8bit_A7_supplement/Divider_Pico_N4_8bit/sources/8_bit_divider/8_bit_divider.runs/synth_1/divider_8_top.dcp' has been generated.
INFO: [Vivado 12-24828] Executing command : report_utilization -file divider_8_top_utilization_synth.rpt -pb divider_8_top_utilization_synth.pb
INFO: [Common 17-206] Exiting Vivado at Wed Oct 22 18:29:05 2025...
