Copyright 1986-2022 Xilinx, Inc. All Rights Reserved. Copyright 2022-2025 Advanced Micro Devices, Inc. All Rights Reserved.
-----------------------------------------------------------------------------------------------------------------------------------------------------------------------------
| Tool Version : Vivado v.2025.1 (win64) Build 6140274 Thu May 22 00:12:29 MDT 2025
| Date         : Thu Oct  2 18:46:09 2025
| Host         : TmacComputer running 64-bit major release  (build 9200)
| Command      : report_methodology -file ee354_GCD_top_methodology_drc_routed.rpt -pb ee354_GCD_top_methodology_drc_routed.pb -rpx ee354_GCD_top_methodology_drc_routed.rpx
| Design       : ee354_GCD_top
| Device       : xc7a100tcsg324-1
| Speed File   : -1
| Design State : Fully Routed
-----------------------------------------------------------------------------------------------------------------------------------------------------------------------------

Report Methodology

Table of Contents
-----------------
1. REPORT SUMMARY
2. REPORT DETAILS

1. REPORT SUMMARY
-----------------
            Netlist: netlist
          Floorplan: design_1
      Design limits: <entire design considered>
             Max checks: <unlimited>
             Checks found: 76
+-----------+----------+--------------------------------+--------+
| Rule      | Severity | Description                    | Checks |
+-----------+----------+--------------------------------+--------+
| LUTAR-1   | Warning  | LUT drives async reset alert   | 32     |
| TIMING-18 | Warning  | Missing input or output delay  | 27     |
| TIMING-20 | Warning  | Non-clocked latch              | 16     |
| LATCH-1   | Advisory | Existing latches in the design | 1      |
+-----------+----------+--------------------------------+--------+

2. REPORT DETAILS
-----------------
LUTAR-1#1 Warning
LUT drives async reset alert  
LUT cell ee354_GCD_1/A_reg[0]_LDC_i_1, with 2 or more inputs, drives asynchronous preset/clear pin(s) ee354_GCD_1/A_reg[0]_P/PRE. The LUT may glitch and trigger an unexpected reset, even if it is a properly timed path.
Related violations: <none>

LUTAR-1#2 Warning
LUT drives async reset alert  
LUT cell ee354_GCD_1/A_reg[0]_LDC_i_2, with 2 or more inputs, drives asynchronous preset/clear pin(s) ee354_GCD_1/A_reg[0]_C/CLR, ee354_GCD_1/A_reg[0]_LDC/CLR. The LUT may glitch and trigger an unexpected reset, even if it is a properly timed path.
Related violations: <none>

LUTAR-1#3 Warning
LUT drives async reset alert  
LUT cell ee354_GCD_1/A_reg[1]_LDC_i_1, with 2 or more inputs, drives asynchronous preset/clear pin(s) ee354_GCD_1/A_reg[1]_P/PRE. The LUT may glitch and trigger an unexpected reset, even if it is a properly timed path.
Related violations: <none>

LUTAR-1#4 Warning
LUT drives async reset alert  
LUT cell ee354_GCD_1/A_reg[1]_LDC_i_2, with 2 or more inputs, drives asynchronous preset/clear pin(s) ee354_GCD_1/A_reg[1]_C/CLR, ee354_GCD_1/A_reg[1]_LDC/CLR. The LUT may glitch and trigger an unexpected reset, even if it is a properly timed path.
Related violations: <none>

LUTAR-1#5 Warning
LUT drives async reset alert  
LUT cell ee354_GCD_1/A_reg[2]_LDC_i_1, with 2 or more inputs, drives asynchronous preset/clear pin(s) ee354_GCD_1/A_reg[2]_P/PRE. The LUT may glitch and trigger an unexpected reset, even if it is a properly timed path.
Related violations: <none>

LUTAR-1#6 Warning
LUT drives async reset alert  
LUT cell ee354_GCD_1/A_reg[2]_LDC_i_2, with 2 or more inputs, drives asynchronous preset/clear pin(s) ee354_GCD_1/A_reg[2]_C/CLR, ee354_GCD_1/A_reg[2]_LDC/CLR. The LUT may glitch and trigger an unexpected reset, even if it is a properly timed path.
Related violations: <none>

LUTAR-1#7 Warning
LUT drives async reset alert  
LUT cell ee354_GCD_1/A_reg[3]_LDC_i_1, with 2 or more inputs, drives asynchronous preset/clear pin(s) ee354_GCD_1/A_reg[3]_P/PRE. The LUT may glitch and trigger an unexpected reset, even if it is a properly timed path.
Related violations: <none>

LUTAR-1#8 Warning
LUT drives async reset alert  
LUT cell ee354_GCD_1/A_reg[3]_LDC_i_2, with 2 or more inputs, drives asynchronous preset/clear pin(s) ee354_GCD_1/A_reg[3]_C/CLR, ee354_GCD_1/A_reg[3]_LDC/CLR. The LUT may glitch and trigger an unexpected reset, even if it is a properly timed path.
Related violations: <none>

LUTAR-1#9 Warning
LUT drives async reset alert  
LUT cell ee354_GCD_1/A_reg[4]_LDC_i_1, with 2 or more inputs, drives asynchronous preset/clear pin(s) ee354_GCD_1/A_reg[4]_P/PRE. The LUT may glitch and trigger an unexpected reset, even if it is a properly timed path.
Related violations: <none>

LUTAR-1#10 Warning
LUT drives async reset alert  
LUT cell ee354_GCD_1/A_reg[4]_LDC_i_2, with 2 or more inputs, drives asynchronous preset/clear pin(s) ee354_GCD_1/A_reg[4]_C/CLR, ee354_GCD_1/A_reg[4]_LDC/CLR. The LUT may glitch and trigger an unexpected reset, even if it is a properly timed path.
Related violations: <none>

LUTAR-1#11 Warning
LUT drives async reset alert  
LUT cell ee354_GCD_1/A_reg[5]_LDC_i_1, with 2 or more inputs, drives asynchronous preset/clear pin(s) ee354_GCD_1/A_reg[5]_P/PRE. The LUT may glitch and trigger an unexpected reset, even if it is a properly timed path.
Related violations: <none>

LUTAR-1#12 Warning
LUT drives async reset alert  
LUT cell ee354_GCD_1/A_reg[5]_LDC_i_2, with 2 or more inputs, drives asynchronous preset/clear pin(s) ee354_GCD_1/A_reg[5]_C/CLR, ee354_GCD_1/A_reg[5]_LDC/CLR. The LUT may glitch and trigger an unexpected reset, even if it is a properly timed path.
Related violations: <none>

LUTAR-1#13 Warning
LUT drives async reset alert  
LUT cell ee354_GCD_1/A_reg[6]_LDC_i_1, with 2 or more inputs, drives asynchronous preset/clear pin(s) ee354_GCD_1/A_reg[6]_P/PRE. The LUT may glitch and trigger an unexpected reset, even if it is a properly timed path.
Related violations: <none>

LUTAR-1#14 Warning
LUT drives async reset alert  
LUT cell ee354_GCD_1/A_reg[6]_LDC_i_2, with 2 or more inputs, drives asynchronous preset/clear pin(s) ee354_GCD_1/A_reg[6]_C/CLR, ee354_GCD_1/A_reg[6]_LDC/CLR. The LUT may glitch and trigger an unexpected reset, even if it is a properly timed path.
Related violations: <none>

LUTAR-1#15 Warning
LUT drives async reset alert  
LUT cell ee354_GCD_1/A_reg[7]_LDC_i_1, with 2 or more inputs, drives asynchronous preset/clear pin(s) ee354_GCD_1/A_reg[7]_P/PRE. The LUT may glitch and trigger an unexpected reset, even if it is a properly timed path.
Related violations: <none>

LUTAR-1#16 Warning
LUT drives async reset alert  
LUT cell ee354_GCD_1/A_reg[7]_LDC_i_2, with 2 or more inputs, drives asynchronous preset/clear pin(s) ee354_GCD_1/A_reg[7]_C/CLR, ee354_GCD_1/A_reg[7]_LDC/CLR. The LUT may glitch and trigger an unexpected reset, even if it is a properly timed path.
Related violations: <none>

LUTAR-1#17 Warning
LUT drives async reset alert  
LUT cell ee354_GCD_1/B_reg[0]_LDC_i_1, with 2 or more inputs, drives asynchronous preset/clear pin(s) ee354_GCD_1/B_reg[0]_P/PRE. The LUT may glitch and trigger an unexpected reset, even if it is a properly timed path.
Related violations: <none>

LUTAR-1#18 Warning
LUT drives async reset alert  
LUT cell ee354_GCD_1/B_reg[0]_LDC_i_2, with 2 or more inputs, drives asynchronous preset/clear pin(s) ee354_GCD_1/B_reg[0]_C/CLR, ee354_GCD_1/B_reg[0]_LDC/CLR. The LUT may glitch and trigger an unexpected reset, even if it is a properly timed path.
Related violations: <none>

LUTAR-1#19 Warning
LUT drives async reset alert  
LUT cell ee354_GCD_1/B_reg[1]_LDC_i_1, with 2 or more inputs, drives asynchronous preset/clear pin(s) ee354_GCD_1/B_reg[1]_P/PRE. The LUT may glitch and trigger an unexpected reset, even if it is a properly timed path.
Related violations: <none>

LUTAR-1#20 Warning
LUT drives async reset alert  
LUT cell ee354_GCD_1/B_reg[1]_LDC_i_2, with 2 or more inputs, drives asynchronous preset/clear pin(s) ee354_GCD_1/B_reg[1]_C/CLR, ee354_GCD_1/B_reg[1]_LDC/CLR. The LUT may glitch and trigger an unexpected reset, even if it is a properly timed path.
Related violations: <none>

LUTAR-1#21 Warning
LUT drives async reset alert  
LUT cell ee354_GCD_1/B_reg[2]_LDC_i_1, with 2 or more inputs, drives asynchronous preset/clear pin(s) ee354_GCD_1/B_reg[2]_P/PRE. The LUT may glitch and trigger an unexpected reset, even if it is a properly timed path.
Related violations: <none>

LUTAR-1#22 Warning
LUT drives async reset alert  
LUT cell ee354_GCD_1/B_reg[2]_LDC_i_2, with 2 or more inputs, drives asynchronous preset/clear pin(s) ee354_GCD_1/B_reg[2]_C/CLR, ee354_GCD_1/B_reg[2]_LDC/CLR. The LUT may glitch and trigger an unexpected reset, even if it is a properly timed path.
Related violations: <none>

LUTAR-1#23 Warning
LUT drives async reset alert  
LUT cell ee354_GCD_1/B_reg[3]_LDC_i_1, with 2 or more inputs, drives asynchronous preset/clear pin(s) ee354_GCD_1/B_reg[3]_P/PRE. The LUT may glitch and trigger an unexpected reset, even if it is a properly timed path.
Related violations: <none>

LUTAR-1#24 Warning
LUT drives async reset alert  
LUT cell ee354_GCD_1/B_reg[3]_LDC_i_2, with 2 or more inputs, drives asynchronous preset/clear pin(s) ee354_GCD_1/B_reg[3]_C/CLR, ee354_GCD_1/B_reg[3]_LDC/CLR. The LUT may glitch and trigger an unexpected reset, even if it is a properly timed path.
Related violations: <none>

LUTAR-1#25 Warning
LUT drives async reset alert  
LUT cell ee354_GCD_1/B_reg[4]_LDC_i_1, with 2 or more inputs, drives asynchronous preset/clear pin(s) ee354_GCD_1/B_reg[4]_P/PRE. The LUT may glitch and trigger an unexpected reset, even if it is a properly timed path.
Related violations: <none>

LUTAR-1#26 Warning
LUT drives async reset alert  
LUT cell ee354_GCD_1/B_reg[4]_LDC_i_2, with 2 or more inputs, drives asynchronous preset/clear pin(s) ee354_GCD_1/B_reg[4]_C/CLR, ee354_GCD_1/B_reg[4]_LDC/CLR. The LUT may glitch and trigger an unexpected reset, even if it is a properly timed path.
Related violations: <none>

LUTAR-1#27 Warning
LUT drives async reset alert  
LUT cell ee354_GCD_1/B_reg[5]_LDC_i_1, with 2 or more inputs, drives asynchronous preset/clear pin(s) ee354_GCD_1/B_reg[5]_P/PRE. The LUT may glitch and trigger an unexpected reset, even if it is a properly timed path.
Related violations: <none>

LUTAR-1#28 Warning
LUT drives async reset alert  
LUT cell ee354_GCD_1/B_reg[5]_LDC_i_2, with 2 or more inputs, drives asynchronous preset/clear pin(s) ee354_GCD_1/B_reg[5]_C/CLR, ee354_GCD_1/B_reg[5]_LDC/CLR. The LUT may glitch and trigger an unexpected reset, even if it is a properly timed path.
Related violations: <none>

LUTAR-1#29 Warning
LUT drives async reset alert  
LUT cell ee354_GCD_1/B_reg[6]_LDC_i_1, with 2 or more inputs, drives asynchronous preset/clear pin(s) ee354_GCD_1/B_reg[6]_P/PRE. The LUT may glitch and trigger an unexpected reset, even if it is a properly timed path.
Related violations: <none>

LUTAR-1#30 Warning
LUT drives async reset alert  
LUT cell ee354_GCD_1/B_reg[6]_LDC_i_2, with 2 or more inputs, drives asynchronous preset/clear pin(s) ee354_GCD_1/B_reg[6]_C/CLR, ee354_GCD_1/B_reg[6]_LDC/CLR. The LUT may glitch and trigger an unexpected reset, even if it is a properly timed path.
Related violations: <none>

LUTAR-1#31 Warning
LUT drives async reset alert  
LUT cell ee354_GCD_1/B_reg[7]_LDC_i_1, with 2 or more inputs, drives asynchronous preset/clear pin(s) ee354_GCD_1/B_reg[7]_P/PRE. The LUT may glitch and trigger an unexpected reset, even if it is a properly timed path.
Related violations: <none>

LUTAR-1#32 Warning
LUT drives async reset alert  
LUT cell ee354_GCD_1/B_reg[7]_LDC_i_2, with 2 or more inputs, drives asynchronous preset/clear pin(s) ee354_GCD_1/B_reg[7]_C/CLR, ee354_GCD_1/B_reg[7]_LDC/CLR. The LUT may glitch and trigger an unexpected reset, even if it is a properly timed path.
Related violations: <none>

TIMING-18#1 Warning
Missing input or output delay  
An input delay is missing on BtnC relative to the rising and/or falling clock edge(s) of ClkPort.
Related violations: <none>

TIMING-18#2 Warning
Missing input or output delay  
An input delay is missing on BtnL relative to the rising and/or falling clock edge(s) of ClkPort.
Related violations: <none>

TIMING-18#3 Warning
Missing input or output delay  
An input delay is missing on BtnR relative to the rising and/or falling clock edge(s) of ClkPort.
Related violations: <none>

TIMING-18#4 Warning
Missing input or output delay  
An input delay is missing on BtnU relative to the rising and/or falling clock edge(s) of ClkPort.
Related violations: <none>

TIMING-18#5 Warning
Missing input or output delay  
An input delay is missing on Sw0 relative to the rising and/or falling clock edge(s) of ClkPort.
Related violations: <none>

TIMING-18#6 Warning
Missing input or output delay  
An input delay is missing on Sw1 relative to the rising and/or falling clock edge(s) of ClkPort.
Related violations: <none>

TIMING-18#7 Warning
Missing input or output delay  
An input delay is missing on Sw2 relative to the rising and/or falling clock edge(s) of ClkPort.
Related violations: <none>

TIMING-18#8 Warning
Missing input or output delay  
An input delay is missing on Sw3 relative to the rising and/or falling clock edge(s) of ClkPort.
Related violations: <none>

TIMING-18#9 Warning
Missing input or output delay  
An input delay is missing on Sw4 relative to the rising and/or falling clock edge(s) of ClkPort.
Related violations: <none>

TIMING-18#10 Warning
Missing input or output delay  
An input delay is missing on Sw5 relative to the rising and/or falling clock edge(s) of ClkPort.
Related violations: <none>

TIMING-18#11 Warning
Missing input or output delay  
An input delay is missing on Sw6 relative to the rising and/or falling clock edge(s) of ClkPort.
Related violations: <none>

TIMING-18#12 Warning
Missing input or output delay  
An input delay is missing on Sw7 relative to the rising and/or falling clock edge(s) of ClkPort.
Related violations: <none>

TIMING-18#13 Warning
Missing input or output delay  
An output delay is missing on An0 relative to the rising and/or falling clock edge(s) of ClkPort.
Related violations: <none>

TIMING-18#14 Warning
Missing input or output delay  
An output delay is missing on An1 relative to the rising and/or falling clock edge(s) of ClkPort.
Related violations: <none>

TIMING-18#15 Warning
Missing input or output delay  
An output delay is missing on An2 relative to the rising and/or falling clock edge(s) of ClkPort.
Related violations: <none>

TIMING-18#16 Warning
Missing input or output delay  
An output delay is missing on An3 relative to the rising and/or falling clock edge(s) of ClkPort.
Related violations: <none>

TIMING-18#17 Warning
Missing input or output delay  
An output delay is missing on Ca relative to the rising and/or falling clock edge(s) of ClkPort.
Related violations: <none>

TIMING-18#18 Warning
Missing input or output delay  
An output delay is missing on Cb relative to the rising and/or falling clock edge(s) of ClkPort.
Related violations: <none>

TIMING-18#19 Warning
Missing input or output delay  
An output delay is missing on Cc relative to the rising and/or falling clock edge(s) of ClkPort.
Related violations: <none>

TIMING-18#20 Warning
Missing input or output delay  
An output delay is missing on Cd relative to the rising and/or falling clock edge(s) of ClkPort.
Related violations: <none>

TIMING-18#21 Warning
Missing input or output delay  
An output delay is missing on Ce relative to the rising and/or falling clock edge(s) of ClkPort.
Related violations: <none>

TIMING-18#22 Warning
Missing input or output delay  
An output delay is missing on Cf relative to the rising and/or falling clock edge(s) of ClkPort.
Related violations: <none>

TIMING-18#23 Warning
Missing input or output delay  
An output delay is missing on Cg relative to the rising and/or falling clock edge(s) of ClkPort.
Related violations: <none>

TIMING-18#24 Warning
Missing input or output delay  
An output delay is missing on Ld4 relative to the rising and/or falling clock edge(s) of ClkPort.
Related violations: <none>

TIMING-18#25 Warning
Missing input or output delay  
An output delay is missing on Ld5 relative to the rising and/or falling clock edge(s) of ClkPort.
Related violations: <none>

TIMING-18#26 Warning
Missing input or output delay  
An output delay is missing on Ld6 relative to the rising and/or falling clock edge(s) of ClkPort.
Related violations: <none>

TIMING-18#27 Warning
Missing input or output delay  
An output delay is missing on Ld7 relative to the rising and/or falling clock edge(s) of ClkPort.
Related violations: <none>

TIMING-20#1 Warning
Non-clocked latch  
The latch ee354_GCD_1/A_reg[0]_LDC cannot be properly analyzed as its control pin ee354_GCD_1/A_reg[0]_LDC/G is not reached by a timing clock
Related violations: <none>

TIMING-20#2 Warning
Non-clocked latch  
The latch ee354_GCD_1/A_reg[1]_LDC cannot be properly analyzed as its control pin ee354_GCD_1/A_reg[1]_LDC/G is not reached by a timing clock
Related violations: <none>

TIMING-20#3 Warning
Non-clocked latch  
The latch ee354_GCD_1/A_reg[2]_LDC cannot be properly analyzed as its control pin ee354_GCD_1/A_reg[2]_LDC/G is not reached by a timing clock
Related violations: <none>

TIMING-20#4 Warning
Non-clocked latch  
The latch ee354_GCD_1/A_reg[3]_LDC cannot be properly analyzed as its control pin ee354_GCD_1/A_reg[3]_LDC/G is not reached by a timing clock
Related violations: <none>

TIMING-20#5 Warning
Non-clocked latch  
The latch ee354_GCD_1/A_reg[4]_LDC cannot be properly analyzed as its control pin ee354_GCD_1/A_reg[4]_LDC/G is not reached by a timing clock
Related violations: <none>

TIMING-20#6 Warning
Non-clocked latch  
The latch ee354_GCD_1/A_reg[5]_LDC cannot be properly analyzed as its control pin ee354_GCD_1/A_reg[5]_LDC/G is not reached by a timing clock
Related violations: <none>

TIMING-20#7 Warning
Non-clocked latch  
The latch ee354_GCD_1/A_reg[6]_LDC cannot be properly analyzed as its control pin ee354_GCD_1/A_reg[6]_LDC/G is not reached by a timing clock
Related violations: <none>

TIMING-20#8 Warning
Non-clocked latch  
The latch ee354_GCD_1/A_reg[7]_LDC cannot be properly analyzed as its control pin ee354_GCD_1/A_reg[7]_LDC/G is not reached by a timing clock
Related violations: <none>

TIMING-20#9 Warning
Non-clocked latch  
The latch ee354_GCD_1/B_reg[0]_LDC cannot be properly analyzed as its control pin ee354_GCD_1/B_reg[0]_LDC/G is not reached by a timing clock
Related violations: <none>

TIMING-20#10 Warning
Non-clocked latch  
The latch ee354_GCD_1/B_reg[1]_LDC cannot be properly analyzed as its control pin ee354_GCD_1/B_reg[1]_LDC/G is not reached by a timing clock
Related violations: <none>

TIMING-20#11 Warning
Non-clocked latch  
The latch ee354_GCD_1/B_reg[2]_LDC cannot be properly analyzed as its control pin ee354_GCD_1/B_reg[2]_LDC/G is not reached by a timing clock
Related violations: <none>

TIMING-20#12 Warning
Non-clocked latch  
The latch ee354_GCD_1/B_reg[3]_LDC cannot be properly analyzed as its control pin ee354_GCD_1/B_reg[3]_LDC/G is not reached by a timing clock
Related violations: <none>

TIMING-20#13 Warning
Non-clocked latch  
The latch ee354_GCD_1/B_reg[4]_LDC cannot be properly analyzed as its control pin ee354_GCD_1/B_reg[4]_LDC/G is not reached by a timing clock
Related violations: <none>

TIMING-20#14 Warning
Non-clocked latch  
The latch ee354_GCD_1/B_reg[5]_LDC cannot be properly analyzed as its control pin ee354_GCD_1/B_reg[5]_LDC/G is not reached by a timing clock
Related violations: <none>

TIMING-20#15 Warning
Non-clocked latch  
The latch ee354_GCD_1/B_reg[6]_LDC cannot be properly analyzed as its control pin ee354_GCD_1/B_reg[6]_LDC/G is not reached by a timing clock
Related violations: <none>

TIMING-20#16 Warning
Non-clocked latch  
The latch ee354_GCD_1/B_reg[7]_LDC cannot be properly analyzed as its control pin ee354_GCD_1/B_reg[7]_LDC/G is not reached by a timing clock
Related violations: <none>

LATCH-1#1 Advisory
Existing latches in the design  
There are 16 latches found in the design. Inferred latches are often the result of HDL coding mistakes, such as incomplete if or case statements.
Related violations: <none>


