Copyright 1986-2022 Xilinx, Inc. All Rights Reserved. Copyright 2022-2025 Advanced Micro Devices, Inc. All Rights Reserved.
---------------------------------------------------------------------------------------------------------------------------------------------
| Tool Version : Vivado v.2025.1 (win64) Build 6140274 Thu May 22 00:12:29 MDT 2025
| Date         : Thu Oct  2 18:46:07 2025
| Host         : TmacComputer running 64-bit major release  (build 9200)
| Command      : report_drc -file ee354_GCD_top_drc_routed.rpt -pb ee354_GCD_top_drc_routed.pb -rpx ee354_GCD_top_drc_routed.rpx
| Design       : ee354_GCD_top
| Device       : xc7a100tcsg324-1
| Speed File   : -1
| Design State : Fully Routed
---------------------------------------------------------------------------------------------------------------------------------------------

Report DRC

Table of Contents
-----------------
1. REPORT SUMMARY
2. REPORT DETAILS

1. REPORT SUMMARY
-----------------
            Netlist: netlist
          Floorplan: design_1
      Design limits: <entire design considered>
           Ruledeck: default
             Max checks: <unlimited>
             Checks found: 17
+----------+----------+-----------------------------------------------------+--------+
| Rule     | Severity | Description                                         | Checks |
+----------+----------+-----------------------------------------------------+--------+
| CFGBVS-1 | Warning  | Missing CFGBVS and CONFIG_VOLTAGE Design Properties | 1      |
| PDRC-153 | Warning  | Gated clock check                                   | 16     |
+----------+----------+-----------------------------------------------------+--------+

2. REPORT DETAILS
-----------------
CFGBVS-1#1 Warning
Missing CFGBVS and CONFIG_VOLTAGE Design Properties  
Neither the CFGBVS nor CONFIG_VOLTAGE voltage property is set in the current_design.  Configuration bank voltage select (CFGBVS) must be set to VCCO or GND, and CONFIG_VOLTAGE must be set to the correct configuration voltage, in order to determine the I/O voltage support for the pins in bank 0.  It is suggested to specify these either using the 'Edit Device Properties' function in the GUI or directly in the XDC file using the following syntax:

 set_property CFGBVS value1 [current_design]
 #where value1 is either VCCO or GND

 set_property CONFIG_VOLTAGE value2 [current_design]
 #where value2 is the voltage provided to configuration bank 0

Refer to the device configuration user guide for more information.
Related violations: <none>

PDRC-153#1 Warning
Gated clock check  
Net ee354_GCD_1/A_reg[0]_LDC_i_1_n_0 is a gated clock net sourced by a combinational pin ee354_GCD_1/A_reg[0]_LDC_i_1/O, cell ee354_GCD_1/A_reg[0]_LDC_i_1. This is not good design practice and will likely impact performance. For SLICE registers, for example, use the CE pin to control the loading of data.
Related violations: <none>

PDRC-153#2 Warning
Gated clock check  
Net ee354_GCD_1/A_reg[1]_LDC_i_1_n_0 is a gated clock net sourced by a combinational pin ee354_GCD_1/A_reg[1]_LDC_i_1/O, cell ee354_GCD_1/A_reg[1]_LDC_i_1. This is not good design practice and will likely impact performance. For SLICE registers, for example, use the CE pin to control the loading of data.
Related violations: <none>

PDRC-153#3 Warning
Gated clock check  
Net ee354_GCD_1/A_reg[2]_LDC_i_1_n_0 is a gated clock net sourced by a combinational pin ee354_GCD_1/A_reg[2]_LDC_i_1/O, cell ee354_GCD_1/A_reg[2]_LDC_i_1. This is not good design practice and will likely impact performance. For SLICE registers, for example, use the CE pin to control the loading of data.
Related violations: <none>

PDRC-153#4 Warning
Gated clock check  
Net ee354_GCD_1/A_reg[3]_LDC_i_1_n_0 is a gated clock net sourced by a combinational pin ee354_GCD_1/A_reg[3]_LDC_i_1/O, cell ee354_GCD_1/A_reg[3]_LDC_i_1. This is not good design practice and will likely impact performance. For SLICE registers, for example, use the CE pin to control the loading of data.
Related violations: <none>

PDRC-153#5 Warning
Gated clock check  
Net ee354_GCD_1/A_reg[4]_LDC_i_1_n_0 is a gated clock net sourced by a combinational pin ee354_GCD_1/A_reg[4]_LDC_i_1/O, cell ee354_GCD_1/A_reg[4]_LDC_i_1. This is not good design practice and will likely impact performance. For SLICE registers, for example, use the CE pin to control the loading of data.
Related violations: <none>

PDRC-153#6 Warning
Gated clock check  
Net ee354_GCD_1/A_reg[5]_LDC_i_1_n_0 is a gated clock net sourced by a combinational pin ee354_GCD_1/A_reg[5]_LDC_i_1/O, cell ee354_GCD_1/A_reg[5]_LDC_i_1. This is not good design practice and will likely impact performance. For SLICE registers, for example, use the CE pin to control the loading of data.
Related violations: <none>

PDRC-153#7 Warning
Gated clock check  
Net ee354_GCD_1/A_reg[6]_LDC_i_1_n_0 is a gated clock net sourced by a combinational pin ee354_GCD_1/A_reg[6]_LDC_i_1/O, cell ee354_GCD_1/A_reg[6]_LDC_i_1. This is not good design practice and will likely impact performance. For SLICE registers, for example, use the CE pin to control the loading of data.
Related violations: <none>

PDRC-153#8 Warning
Gated clock check  
Net ee354_GCD_1/A_reg[7]_LDC_i_1_n_0 is a gated clock net sourced by a combinational pin ee354_GCD_1/A_reg[7]_LDC_i_1/O, cell ee354_GCD_1/A_reg[7]_LDC_i_1. This is not good design practice and will likely impact performance. For SLICE registers, for example, use the CE pin to control the loading of data.
Related violations: <none>

PDRC-153#9 Warning
Gated clock check  
Net ee354_GCD_1/B_reg[0]_LDC_i_1_n_0 is a gated clock net sourced by a combinational pin ee354_GCD_1/B_reg[0]_LDC_i_1/O, cell ee354_GCD_1/B_reg[0]_LDC_i_1. This is not good design practice and will likely impact performance. For SLICE registers, for example, use the CE pin to control the loading of data.
Related violations: <none>

PDRC-153#10 Warning
Gated clock check  
Net ee354_GCD_1/B_reg[1]_LDC_i_1_n_0 is a gated clock net sourced by a combinational pin ee354_GCD_1/B_reg[1]_LDC_i_1/O, cell ee354_GCD_1/B_reg[1]_LDC_i_1. This is not good design practice and will likely impact performance. For SLICE registers, for example, use the CE pin to control the loading of data.
Related violations: <none>

PDRC-153#11 Warning
Gated clock check  
Net ee354_GCD_1/B_reg[2]_LDC_i_1_n_0 is a gated clock net sourced by a combinational pin ee354_GCD_1/B_reg[2]_LDC_i_1/O, cell ee354_GCD_1/B_reg[2]_LDC_i_1. This is not good design practice and will likely impact performance. For SLICE registers, for example, use the CE pin to control the loading of data.
Related violations: <none>

PDRC-153#12 Warning
Gated clock check  
Net ee354_GCD_1/B_reg[3]_LDC_i_1_n_0 is a gated clock net sourced by a combinational pin ee354_GCD_1/B_reg[3]_LDC_i_1/O, cell ee354_GCD_1/B_reg[3]_LDC_i_1. This is not good design practice and will likely impact performance. For SLICE registers, for example, use the CE pin to control the loading of data.
Related violations: <none>

PDRC-153#13 Warning
Gated clock check  
Net ee354_GCD_1/B_reg[4]_LDC_i_1_n_0 is a gated clock net sourced by a combinational pin ee354_GCD_1/B_reg[4]_LDC_i_1/O, cell ee354_GCD_1/B_reg[4]_LDC_i_1. This is not good design practice and will likely impact performance. For SLICE registers, for example, use the CE pin to control the loading of data.
Related violations: <none>

PDRC-153#14 Warning
Gated clock check  
Net ee354_GCD_1/B_reg[5]_LDC_i_1_n_0 is a gated clock net sourced by a combinational pin ee354_GCD_1/B_reg[5]_LDC_i_1/O, cell ee354_GCD_1/B_reg[5]_LDC_i_1. This is not good design practice and will likely impact performance. For SLICE registers, for example, use the CE pin to control the loading of data.
Related violations: <none>

PDRC-153#15 Warning
Gated clock check  
Net ee354_GCD_1/B_reg[6]_LDC_i_1_n_0 is a gated clock net sourced by a combinational pin ee354_GCD_1/B_reg[6]_LDC_i_1/O, cell ee354_GCD_1/B_reg[6]_LDC_i_1. This is not good design practice and will likely impact performance. For SLICE registers, for example, use the CE pin to control the loading of data.
Related violations: <none>

PDRC-153#16 Warning
Gated clock check  
Net ee354_GCD_1/B_reg[7]_LDC_i_1_n_0 is a gated clock net sourced by a combinational pin ee354_GCD_1/B_reg[7]_LDC_i_1/O, cell ee354_GCD_1/B_reg[7]_LDC_i_1. This is not good design practice and will likely impact performance. For SLICE registers, for example, use the CE pin to control the loading of data.
Related violations: <none>


