Vivado Simulator v2025.1.0
Copyright 1986-2022 Xilinx, Inc. All Rights Reserved.
Copyright 2022-2025 Advanced Micro Devices, Inc. All Rights Reserved.
Running: E:/Vivado/2025.1/Vivado/bin/unwrapped/win64.o/xelab.exe --incr --debug typical --relax --mt 2 -L xil_defaultlib -L unisims_ver -L unimacro_ver -L secureip --snapshot divider_top_behav xil_defaultlib.divider_top xil_defaultlib.glbl -log elaborate.log 
Using 2 slave threads.
Starting static elaboration
Pass Through NonSizing Optimizer
Completed static elaboration
Starting simulation data flow analysis
WARNING: [XSIM 43-4100] "/proj/xbuilds/SWIP/2025.1_0521_0003/installs/lin64/2025.1/data/verilog/src/unisims/BUFGP.v" Line 26. Module BUFGP has a timescale but at least one module in design doesn't have timescale.
WARNING: [XSIM 43-4100] "/proj/xbuilds/SWIP/2025.1_0521_0003/installs/lin64/2025.1/data/verilog/src/unisims/BUFGP.v" Line 26. Module BUFGP has a timescale but at least one module in design doesn't have timescale.
WARNING: [XSIM 43-4100] "E:/Vivado/Projects/ee354_single_step_N4_A7/ee354_single_step_N4_A7/ee354_divider_with_single-step/sources/single step.sim/sim_1/behav/xsim/glbl.v" Line 6. Module glbl has a timescale but at least one module in design doesn't have timescale.
WARNING: [XSIM 43-4100] "E:/Vivado/Projects/ee354_single_step_N4_A7/ee354_single_step_N4_A7/ee354_divider_with_single-step/sources/single step.sim/sim_1/behav/xsim/glbl.v" Line 6. Module glbl has a timescale but at least one module in design doesn't have timescale.
Completed simulation data flow analysis
Time Resolution for simulation is 1ps
Compiling module unisims_ver.BUFGP
Compiling module xil_defaultlib.ee201_debouncer(N_dc=25)
Compiling module xil_defaultlib.divider
Compiling module xil_defaultlib.divider_top
Compiling module xil_defaultlib.glbl
Built simulation snapshot divider_top_behav
